Command line invocation:
    /Applications/Xcode.app/Contents/Developer/usr/bin/xcodebuild -project FMS.xcodeproj -scheme FMS -configuration Debug -sdk iphonesimulator -destination "platform=iOS Simulator,name=iPhone 17 Pro" build

Build settings from command line:
    SDKROOT = iphonesimulator18.5

Resolve Package Graph


Resolved source packages:
  swift-asn1: https://github.com/apple/swift-asn1.git @ 1.5.1
  swift-clocks: https://github.com/pointfreeco/swift-clocks @ 1.0.6
  Supabase: https://github.com/supabase/supabase-swift @ 2.41.1
  xctest-dynamic-overlay: https://github.com/pointfreeco/xctest-dynamic-overlay @ 1.9.0
  swift-http-types: https://github.com/apple/swift-http-types.git @ 1.5.1
  swift-crypto: https://github.com/apple/swift-crypto.git @ 4.2.0
  swift-concurrency-extras: https://github.com/pointfreeco/swift-concurrency-extras @ 1.3.2

ComputePackagePrebuildTargetDependencyGraph

Prepare packages

CreateBuildRequest

SendProjectDescription

CreateBuildOperation

ComputeTargetDependencyGraph
note: Building targets in dependency order
note: Target dependency graph (27 targets)
    Target 'FMS' in project 'FMS'
        ➜ Explicit dependency on target 'Supabase' in project 'Supabase'
        ➜ Explicit dependency on target 'PostgREST' in project 'Supabase'
        ➜ Explicit dependency on target 'Storage' in project 'Supabase'
        ➜ Explicit dependency on target 'Functions' in project 'Supabase'
        ➜ Explicit dependency on target 'Auth' in project 'Supabase'
    Target 'Auth' in project 'Supabase'
        ➜ Explicit dependency on target 'Auth' in project 'Supabase'
        ➜ Explicit dependency on target 'Helpers' in project 'Supabase'
        ➜ Explicit dependency on target 'ConcurrencyExtras' in project 'swift-concurrency-extras'
        ➜ Explicit dependency on target 'HTTPTypes' in project 'swift-http-types'
        ➜ Explicit dependency on target 'Clocks' in project 'swift-clocks'
        ➜ Explicit dependency on target 'XCTestDynamicOverlay' in project 'xctest-dynamic-overlay'
        ➜ Explicit dependency on target 'Crypto' in project 'swift-crypto'
    Target 'Functions' in project 'Supabase'
        ➜ Explicit dependency on target 'Functions' in project 'Supabase'
        ➜ Explicit dependency on target 'Helpers' in project 'Supabase'
        ➜ Explicit dependency on target 'ConcurrencyExtras' in project 'swift-concurrency-extras'
        ➜ Explicit dependency on target 'HTTPTypes' in project 'swift-http-types'
        ➜ Explicit dependency on target 'Clocks' in project 'swift-clocks'
        ➜ Explicit dependency on target 'XCTestDynamicOverlay' in project 'xctest-dynamic-overlay'
    Target 'Storage' in project 'Supabase'
        ➜ Explicit dependency on target 'Storage' in project 'Supabase'
        ➜ Explicit dependency on target 'Helpers' in project 'Supabase'
        ➜ Explicit dependency on target 'ConcurrencyExtras' in project 'swift-concurrency-extras'
        ➜ Explicit dependency on target 'HTTPTypes' in project 'swift-http-types'
        ➜ Explicit dependency on target 'Clocks' in project 'swift-clocks'
        ➜ Explicit dependency on target 'XCTestDynamicOverlay' in project 'xctest-dynamic-overlay'
    Target 'PostgREST' in project 'Supabase'
        ➜ Explicit dependency on target 'PostgREST' in project 'Supabase'
        ➜ Explicit dependency on target 'Helpers' in project 'Supabase'
        ➜ Explicit dependency on target 'ConcurrencyExtras' in project 'swift-concurrency-extras'
        ➜ Explicit dependency on target 'HTTPTypes' in project 'swift-http-types'
        ➜ Explicit dependency on target 'Clocks' in project 'swift-clocks'
        ➜ Explicit dependency on target 'XCTestDynamicOverlay' in project 'xctest-dynamic-overlay'
    Target 'Supabase' in project 'Supabase'
        ➜ Explicit dependency on target 'Supabase' in project 'Supabase'
        ➜ Explicit dependency on target 'Functions' in project 'Supabase'
        ➜ Explicit dependency on target 'PostgREST' in project 'Supabase'
        ➜ Explicit dependency on target 'Auth' in project 'Supabase'
        ➜ Explicit dependency on target 'Realtime' in project 'Supabase'
        ➜ Explicit dependency on target 'Storage' in project 'Supabase'
        ➜ Explicit dependency on target 'Helpers' in project 'Supabase'
        ➜ Explicit dependency on target 'ConcurrencyExtras' in project 'swift-concurrency-extras'
        ➜ Explicit dependency on target 'HTTPTypes' in project 'swift-http-types'
        ➜ Explicit dependency on target 'Clocks' in project 'swift-clocks'
        ➜ Explicit dependency on target 'XCTestDynamicOverlay' in project 'xctest-dynamic-overlay'
        ➜ Explicit dependency on target 'Crypto' in project 'swift-crypto'
        ➜ Explicit dependency on target 'IssueReporting' in project 'xctest-dynamic-overlay'
    Target 'Supabase' in project 'Supabase'
        ➜ Explicit dependency on target 'Helpers' in project 'Supabase'
        ➜ Explicit dependency on target 'Auth' in project 'Supabase'
        ➜ Explicit dependency on target 'Functions' in project 'Supabase'
        ➜ Explicit dependency on target 'PostgREST' in project 'Supabase'
        ➜ Explicit dependency on target 'Realtime' in project 'Supabase'
        ➜ Explicit dependency on target 'Storage' in project 'Supabase'
        ➜ Explicit dependency on target 'ConcurrencyExtras' in project 'swift-concurrency-extras'
        ➜ Explicit dependency on target 'HTTPTypes' in project 'swift-http-types'
        ➜ Explicit dependency on target 'Clocks' in project 'swift-clocks'
        ➜ Explicit dependency on target 'XCTestDynamicOverlay' in project 'xctest-dynamic-overlay'
        ➜ Explicit dependency on target 'Crypto' in project 'swift-crypto'
        ➜ Explicit dependency on target 'IssueReporting' in project 'xctest-dynamic-overlay'
    Target 'Storage' in project 'Supabase'
        ➜ Explicit dependency on target 'Helpers' in project 'Supabase'
        ➜ Explicit dependency on target 'ConcurrencyExtras' in project 'swift-concurrency-extras'
        ➜ Explicit dependency on target 'HTTPTypes' in project 'swift-http-types'
        ➜ Explicit dependency on target 'Clocks' in project 'swift-clocks'
        ➜ Explicit dependency on target 'XCTestDynamicOverlay' in project 'xctest-dynamic-overlay'
    Target 'Realtime' in project 'Supabase'
        ➜ Explicit dependency on target 'Helpers' in project 'Supabase'
        ➜ Explicit dependency on target 'ConcurrencyExtras' in project 'swift-concurrency-extras'
        ➜ Explicit dependency on target 'HTTPTypes' in project 'swift-http-types'
        ➜ Explicit dependency on target 'Clocks' in project 'swift-clocks'
        ➜ Explicit dependency on target 'XCTestDynamicOverlay' in project 'xctest-dynamic-overlay'
        ➜ Explicit dependency on target 'IssueReporting' in project 'xctest-dynamic-overlay'
    Target 'PostgREST' in project 'Supabase'
        ➜ Explicit dependency on target 'Helpers' in project 'Supabase'
        ➜ Explicit dependency on target 'ConcurrencyExtras' in project 'swift-concurrency-extras'
        ➜ Explicit dependency on target 'HTTPTypes' in project 'swift-http-types'
        ➜ Explicit dependency on target 'Clocks' in project 'swift-clocks'
        ➜ Explicit dependency on target 'XCTestDynamicOverlay' in project 'xctest-dynamic-overlay'
    Target 'Functions' in project 'Supabase'
        ➜ Explicit dependency on target 'Helpers' in project 'Supabase'
        ➜ Explicit dependency on target 'ConcurrencyExtras' in project 'swift-concurrency-extras'
        ➜ Explicit dependency on target 'HTTPTypes' in project 'swift-http-types'
        ➜ Explicit dependency on target 'Clocks' in project 'swift-clocks'
        ➜ Explicit dependency on target 'XCTestDynamicOverlay' in project 'xctest-dynamic-overlay'
    Target 'Auth' in project 'Supabase'
        ➜ Explicit dependency on target 'Helpers' in project 'Supabase'
        ➜ Explicit dependency on target 'ConcurrencyExtras' in project 'swift-concurrency-extras'
        ➜ Explicit dependency on target 'HTTPTypes' in project 'swift-http-types'
        ➜ Explicit dependency on target 'Clocks' in project 'swift-clocks'
        ➜ Explicit dependency on target 'XCTestDynamicOverlay' in project 'xctest-dynamic-overlay'
        ➜ Explicit dependency on target 'Crypto' in project 'swift-crypto'
    Target 'Crypto' in project 'swift-crypto'
        ➜ Explicit dependency on target 'Crypto' in project 'swift-crypto'
        ➜ Explicit dependency on target 'swift-crypto_Crypto' in project 'swift-crypto'
    Target 'Crypto' in project 'swift-crypto'
        ➜ Explicit dependency on target 'swift-crypto_Crypto' in project 'swift-crypto'
    Target 'swift-crypto_Crypto' in project 'swift-crypto' (no dependencies)
    Target 'Helpers' in project 'Supabase'
        ➜ Explicit dependency on target 'ConcurrencyExtras' in project 'swift-concurrency-extras'
        ➜ Explicit dependency on target 'HTTPTypes' in project 'swift-http-types'
        ➜ Explicit dependency on target 'Clocks' in project 'swift-clocks'
        ➜ Explicit dependency on target 'XCTestDynamicOverlay' in project 'xctest-dynamic-overlay'
    Target 'XCTestDynamicOverlay' in project 'xctest-dynamic-overlay'
        ➜ Explicit dependency on target 'XCTestDynamicOverlay' in project 'xctest-dynamic-overlay'
        ➜ Explicit dependency on target 'IssueReportingPackageSupport' in project 'xctest-dynamic-overlay'
        ➜ Explicit dependency on target 'IssueReporting' in project 'xctest-dynamic-overlay'
    Target 'XCTestDynamicOverlay' in project 'xctest-dynamic-overlay'
        ➜ Explicit dependency on target 'IssueReportingPackageSupport' in project 'xctest-dynamic-overlay'
        ➜ Explicit dependency on target 'IssueReporting' in project 'xctest-dynamic-overlay'
    Target 'Clocks' in project 'swift-clocks'
        ➜ Explicit dependency on target 'Clocks' in project 'swift-clocks'
        ➜ Explicit dependency on target 'ConcurrencyExtras' in project 'swift-concurrency-extras'
        ➜ Explicit dependency on target 'IssueReporting' in project 'xctest-dynamic-overlay'
    Target 'Clocks' in project 'swift-clocks'
        ➜ Explicit dependency on target 'ConcurrencyExtras' in project 'swift-concurrency-extras'
        ➜ Explicit dependency on target 'IssueReporting' in project 'xctest-dynamic-overlay'
    Target 'IssueReporting' in project 'xctest-dynamic-overlay'
        ➜ Explicit dependency on target 'IssueReporting' in project 'xctest-dynamic-overlay'
        ➜ Explicit dependency on target 'IssueReportingPackageSupport' in project 'xctest-dynamic-overlay'
    Target 'IssueReporting' in project 'xctest-dynamic-overlay'
        ➜ Explicit dependency on target 'IssueReportingPackageSupport' in project 'xctest-dynamic-overlay'
    Target 'IssueReportingPackageSupport' in project 'xctest-dynamic-overlay' (no dependencies)
    Target 'HTTPTypes' in project 'swift-http-types'
        ➜ Explicit dependency on target 'HTTPTypes' in project 'swift-http-types'
    Target 'HTTPTypes' in project 'swift-http-types' (no dependencies)
    Target 'ConcurrencyExtras' in project 'swift-concurrency-extras'
        ➜ Explicit dependency on target 'ConcurrencyExtras' in project 'swift-concurrency-extras'
    Target 'ConcurrencyExtras' in project 'swift-concurrency-extras' (no dependencies)

GatherProvisioningInputs

CreateBuildDescription

ExecuteExternalTool /Applications/Xcode.app/Contents/Developer/Toolchains/XcodeDefault.xctoolchain/usr/bin/swiftc --version

ExecuteExternalTool /Applications/Xcode.app/Contents/Developer/Toolchains/XcodeDefault.xctoolchain/usr/bin/clang -v -E -dM -isysroot /Applications/Xcode.app/Contents/Developer/Platforms/iPhoneSimulator.platform/Developer/SDKs/iPhoneSimulator18.5.sdk -x c -c /dev/null

ExecuteExternalTool /Applications/Xcode.app/Contents/Developer/usr/bin/actool --print-asset-tag-combinations --output-format xml1 /Users/Anish/FMS/FMS_Codebase/FMS/FMS/Assets.xcassets

ExecuteExternalTool /Applications/Xcode.app/Contents/Developer/usr/bin/actool --version --output-format xml1

ExecuteExternalTool /Applications/Xcode.app/Contents/Developer/Toolchains/XcodeDefault.xctoolchain/usr/bin/ld -version_details

ReadFileContents /Applications/Xcode.app/Contents/Developer/Toolchains/XcodeDefault.xctoolchain/usr/share/docc/features.json

Build description signature: 09600e86134e9573e88cd124084301e4
Build description path: /Users/Anish/Library/Developer/Xcode/DerivedData/FMS-dwfromcokaqshnedexsaxzasxuoc/Build/Intermediates.noindex/XCBuildData/09600e86134e9573e88cd124084301e4.xcbuilddata
ClangStatCache /Applications/Xcode.app/Contents/Developer/Toolchains/XcodeDefault.xctoolchain/usr/bin/clang-stat-cache /Applications/Xcode.app/Contents/Developer/Platforms/iPhoneSimulator.platform/Developer/SDKs/iPhoneSimulator18.5.sdk /Users/Anish/Library/Developer/Xcode/DerivedData/SDKStatCaches.noindex/iphonesimulator18.5-22F76-d5fc8ad4295d2ef488fb7d0f804ce0c4.sdkstatcache
    cd /Users/Anish/FMS/FMS_Codebase/FMS/FMS.xcodeproj
    /Applications/Xcode.app/Contents/Developer/Toolchains/XcodeDefault.xctoolchain/usr/bin/clang-stat-cache /Applications/Xcode.app/Contents/Developer/Platforms/iPhoneSimulator.platform/Developer/SDKs/iPhoneSimulator18.5.sdk -o /Users/Anish/Library/Developer/Xcode/DerivedData/SDKStatCaches.noindex/iphonesimulator18.5-22F76-d5fc8ad4295d2ef488fb7d0f804ce0c4.sdkstatcache

ProcessInfoPlistFile /Users/Anish/Library/Developer/Xcode/DerivedData/FMS-dwfromcokaqshnedexsaxzasxuoc/Build/Products/Debug-iphonesimulator/swift-crypto_Crypto.bundle/Info.plist /Users/Anish/Library/Developer/Xcode/DerivedData/FMS-dwfromcokaqshnedexsaxzasxuoc/Build/Intermediates.noindex/swift-crypto.build/Debug-iphonesimulator/swift-crypto_Crypto.build/empty-swift-crypto_Crypto.plist (in target 'swift-crypto_Crypto' from project 'swift-crypto')
    cd /Users/Anish/Library/Developer/Xcode/DerivedData/FMS-dwfromcokaqshnedexsaxzasxuoc/SourcePackages/checkouts/swift-crypto
    builtin-infoPlistUtility /Users/Anish/Library/Developer/Xcode/DerivedData/FMS-dwfromcokaqshnedexsaxzasxuoc/Build/Intermediates.noindex/swift-crypto.build/Debug-iphonesimulator/swift-crypto_Crypto.build/empty-swift-crypto_Crypto.plist -producttype com.apple.product-type.bundle -expandbuildsettings -format binary -platform iphonesimulator -o /Users/Anish/Library/Developer/Xcode/DerivedData/FMS-dwfromcokaqshnedexsaxzasxuoc/Build/Products/Debug-iphonesimulator/swift-crypto_Crypto.bundle/Info.plist

WriteAuxiliaryFile /Users/Anish/Library/Developer/Xcode/DerivedData/FMS-dwfromcokaqshnedexsaxzasxuoc/Build/Intermediates.noindex/FMS.build/Debug-iphonesimulator/FMS.build/Objects-normal/arm64/FMS.SwiftFileList (in target 'FMS' from project 'FMS')
    cd /Users/Anish/FMS/FMS_Codebase/FMS
    write-file /Users/Anish/Library/Developer/Xcode/DerivedData/FMS-dwfromcokaqshnedexsaxzasxuoc/Build/Intermediates.noindex/FMS.build/Debug-iphonesimulator/FMS.build/Objects-normal/arm64/FMS.SwiftFileList

WriteAuxiliaryFile /Users/Anish/Library/Developer/Xcode/DerivedData/FMS-dwfromcokaqshnedexsaxzasxuoc/Build/Intermediates.noindex/FMS.build/Debug-iphonesimulator/FMS.build/Objects-normal/arm64/FMS.SwiftConstValuesFileList (in target 'FMS' from project 'FMS')
    cd /Users/Anish/FMS/FMS_Codebase/FMS
    write-file /Users/Anish/Library/Developer/Xcode/DerivedData/FMS-dwfromcokaqshnedexsaxzasxuoc/Build/Intermediates.noindex/FMS.build/Debug-iphonesimulator/FMS.build/Objects-normal/arm64/FMS.SwiftConstValuesFileList

WriteAuxiliaryFile /Users/Anish/Library/Developer/Xcode/DerivedData/FMS-dwfromcokaqshnedexsaxzasxuoc/Build/Intermediates.noindex/FMS.build/Debug-iphonesimulator/FMS.build/Objects-normal/arm64/FMS.LinkFileList (in target 'FMS' from project 'FMS')
    cd /Users/Anish/FMS/FMS_Codebase/FMS
    write-file /Users/Anish/Library/Developer/Xcode/DerivedData/FMS-dwfromcokaqshnedexsaxzasxuoc/Build/Intermediates.noindex/FMS.build/Debug-iphonesimulator/FMS.build/Objects-normal/arm64/FMS.LinkFileList

SwiftDriver Auth normal arm64 com.apple.xcode.tools.swift.compiler (in target 'Auth' from project 'Supabase')
    cd /Users/Anish/FMS/FMS_Codebase/FMS/FMS.xcodeproj
    builtin-SwiftDriver -- /Applications/Xcode.app/Contents/Developer/Toolchains/XcodeDefault.xctoolchain/usr/bin/swiftc -module-name Auth -Onone -enforce-exclusivity\=checked @/Users/Anish/Library/Developer/Xcode/DerivedData/FMS-dwfromcokaqshnedexsaxzasxuoc/Build/Intermediates.noindex/Supabase.build/Debug-iphonesimulator/Auth.build/Objects-normal/arm64/Auth.SwiftFileList -DSWIFT_PACKAGE -DDEBUG -DSWIFT_MODULE_RESOURCE_BUNDLE_UNAVAILABLE -DXcode -enable-upcoming-feature ExistentialAny -enable-experimental-feature StrictConcurrency -plugin-path /Applications/Xcode.app/Contents/Developer/Toolchains/XcodeDefault.xctoolchain/usr/lib/swift/host/plugins/testing -enable-experimental-feature DebugDescriptionMacro -sdk /Applications/Xcode.app/Contents/Developer/Platforms/iPhoneSimulator.platform/Developer/SDKs/iPhoneSimulator18.5.sdk -target arm64-apple-ios13.0-simulator -g -module-cache-path /Users/Anish/Library/Developer/Xcode/DerivedData/ModuleCache.noindex -Xfrontend -serialize-debugging-options -enable-testing -suppress-warnings -index-store-path /Users/Anish/Library/Developer/Xcode/DerivedData/FMS-dwfromcokaqshnedexsaxzasxuoc/Index.noindex/DataStore -swift-version 5 -I /Users/Anish/Library/Developer/Xcode/DerivedData/FMS-dwfromcokaqshnedexsaxzasxuoc/Build/Products/Debug-iphonesimulator -I /Applications/Xcode.app/Contents/Developer/Platforms/iPhoneSimulator.platform/Developer/usr/lib -F /Users/Anish/Library/Developer/Xcode/DerivedData/FMS-dwfromcokaqshnedexsaxzasxuoc/Build/Products/Debug-iphonesimulator/PackageFrameworks -F /Users/Anish/Library/Developer/Xcode/DerivedData/FMS-dwfromcokaqshnedexsaxzasxuoc/Build/Products/Debug-iphonesimulator/PackageFrameworks -F /Users/Anish/Library/Developer/Xcode/DerivedData/FMS-dwfromcokaqshnedexsaxzasxuoc/Build/Products/Debug-iphonesimulator/PackageFrameworks -F /Users/Anish/Library/Developer/Xcode/DerivedData/FMS-dwfromcokaqshnedexsaxzasxuoc/Build/Products/Debug-iphonesimulator/PackageFrameworks -F /Users/Anish/Library/Developer/Xcode/DerivedData/FMS-dwfromcokaqshnedexsaxzasxuoc/Build/Products/Debug-iphonesimulator/PackageFrameworks -F /Users/Anish/Library/Developer/Xcode/DerivedData/FMS-dwfromcokaqshnedexsaxzasxuoc/Build/Products/Debug-iphonesimulator/PackageFrameworks -F /Users/Anish/Library/Developer/Xcode/DerivedData/FMS-dwfromcokaqshnedexsaxzasxuoc/Build/Products/Debug-iphonesimulator/PackageFrameworks -F /Users/Anish/Library/Developer/Xcode/DerivedData/FMS-dwfromcokaqshnedexsaxzasxuoc/Build/Products/Debug-iphonesimulator/PackageFrameworks -F /Users/Anish/Library/Developer/Xcode/DerivedData/FMS-dwfromcokaqshnedexsaxzasxuoc/Build/Products/Debug-iphonesimulator -F /Applications/Xcode.app/Contents/Developer/Platforms/iPhoneSimulator.platform/Developer/Library/Frameworks -F /Applications/Xcode.app/Contents/Developer/Platforms/iPhoneSimulator.platform/Developer/SDKs/iPhoneSimulator18.5.sdk/Developer/Library/Frameworks -c -j11 -enable-batch-mode -incremental -Xcc -ivfsstatcache -Xcc /Users/Anish/Library/Developer/Xcode/DerivedData/SDKStatCaches.noindex/iphonesimulator18.5-22F76-d5fc8ad4295d2ef488fb7d0f804ce0c4.sdkstatcache -output-file-map /Users/Anish/Library/Developer/Xcode/DerivedData/FMS-dwfromcokaqshnedexsaxzasxuoc/Build/Intermediates.noindex/Supabase.build/Debug-iphonesimulator/Auth.build/Objects-normal/arm64/Auth-OutputFileMap.json -use-frontend-parseable-output -save-temps -no-color-diagnostics -serialize-diagnostics -emit-dependencies -emit-module -emit-module-path /Users/Anish/Library/Developer/Xcode/DerivedData/FMS-dwfromcokaqshnedexsaxzasxuoc/Build/Intermediates.noindex/Supabase.build/Debug-iphonesimulator/Auth.build/Objects-normal/arm64/Auth.swiftmodule -validate-clang-modules-once -clang-build-session-file /Users/Anish/Library/Developer/Xcode/DerivedData/ModuleCache.noindex/Session.modulevalidation -package-name supabase_swift -Xcc -I/Users/Anish/Library/Developer/Xcode/DerivedData/FMS-dwfromcokaqshnedexsaxzasxuoc/Build/Intermediates.noindex/Supabase.build/Debug-iphonesimulator/Auth.build/swift-overrides.hmap -emit-const-values -Xfrontend -const-gather-protocols-file -Xfrontend /Users/Anish/Library/Developer/Xcode/DerivedData/FMS-dwfromcokaqshnedexsaxzasxuoc/Build/Intermediates.noindex/Supabase.build/Debug-iphonesimulator/Auth.build/Objects-normal/arm64/Auth_const_extract_protocols.json -Xcc -I/Users/Anish/Library/Developer/Xcode/DerivedData/FMS-dwfromcokaqshnedexsaxzasxuoc/Build/Products/Debug-iphonesimulator/include -Xcc -I/Users/Anish/Library/Developer/Xcode/DerivedData/FMS-dwfromcokaqshnedexsaxzasxuoc/Build/Intermediates.noindex/Supabase.build/Debug-iphonesimulator/Auth.build/DerivedSources-normal/arm64 -Xcc -I/Users/Anish/Library/Developer/Xcode/DerivedData/FMS-dwfromcokaqshnedexsaxzasxuoc/Build/Intermediates.noindex/Supabase.build/Debug-iphonesimulator/Auth.build/DerivedSources/arm64 -Xcc -I/Users/Anish/Library/Developer/Xcode/DerivedData/FMS-dwfromcokaqshnedexsaxzasxuoc/Build/Intermediates.noindex/Supabase.build/Debug-iphonesimulator/Auth.build/DerivedSources -Xcc -DSWIFT_PACKAGE -Xcc -DDEBUG\=1 -emit-objc-header -emit-objc-header-path /Users/Anish/Library/Developer/Xcode/DerivedData/FMS-dwfromcokaqshnedexsaxzasxuoc/Build/Intermediates.noindex/Supabase.build/Debug-iphonesimulator/Auth.build/Objects-normal/arm64/Auth-Swift.h -working-directory /Users/Anish/FMS/FMS_Codebase/FMS/FMS.xcodeproj -experimental-emit-module-separately -disable-cmo

RegisterExecutionPolicyException /Users/Anish/Library/Developer/Xcode/DerivedData/FMS-dwfromcokaqshnedexsaxzasxuoc/Build/Products/Debug-iphonesimulator/Storage.o (in target 'Storage' from project 'Supabase')
    cd /Users/Anish/Library/Developer/Xcode/DerivedData/FMS-dwfromcokaqshnedexsaxzasxuoc/SourcePackages/checkouts/supabase-swift
    builtin-RegisterExecutionPolicyException /Users/Anish/Library/Developer/Xcode/DerivedData/FMS-dwfromcokaqshnedexsaxzasxuoc/Build/Products/Debug-iphonesimulator/Storage.o

RegisterExecutionPolicyException /Users/Anish/Library/Developer/Xcode/DerivedData/FMS-dwfromcokaqshnedexsaxzasxuoc/Build/Products/Debug-iphonesimulator/Realtime.o (in target 'Realtime' from project 'Supabase')
    cd /Users/Anish/Library/Developer/Xcode/DerivedData/FMS-dwfromcokaqshnedexsaxzasxuoc/SourcePackages/checkouts/supabase-swift
    builtin-RegisterExecutionPolicyException /Users/Anish/Library/Developer/Xcode/DerivedData/FMS-dwfromcokaqshnedexsaxzasxuoc/Build/Products/Debug-iphonesimulator/Realtime.o

RegisterExecutionPolicyException /Users/Anish/Library/Developer/Xcode/DerivedData/FMS-dwfromcokaqshnedexsaxzasxuoc/Build/Products/Debug-iphonesimulator/PostgREST.o (in target 'PostgREST' from project 'Supabase')
    cd /Users/Anish/Library/Developer/Xcode/DerivedData/FMS-dwfromcokaqshnedexsaxzasxuoc/SourcePackages/checkouts/supabase-swift
    builtin-RegisterExecutionPolicyException /Users/Anish/Library/Developer/Xcode/DerivedData/FMS-dwfromcokaqshnedexsaxzasxuoc/Build/Products/Debug-iphonesimulator/PostgREST.o

RegisterExecutionPolicyException /Users/Anish/Library/Developer/Xcode/DerivedData/FMS-dwfromcokaqshnedexsaxzasxuoc/Build/Products/Debug-iphonesimulator/Functions.o (in target 'Functions' from project 'Supabase')
    cd /Users/Anish/Library/Developer/Xcode/DerivedData/FMS-dwfromcokaqshnedexsaxzasxuoc/SourcePackages/checkouts/supabase-swift
    builtin-RegisterExecutionPolicyException /Users/Anish/Library/Developer/Xcode/DerivedData/FMS-dwfromcokaqshnedexsaxzasxuoc/Build/Products/Debug-iphonesimulator/Functions.o

SwiftCompile normal arm64 Compiling\ AuthClient.swift /Users/Anish/Library/Developer/Xcode/DerivedData/FMS-dwfromcokaqshnedexsaxzasxuoc/SourcePackages/checkouts/supabase-swift/Sources/Auth/AuthClient.swift (in target 'Auth' from project 'Supabase')

SwiftCompile normal arm64 /Users/Anish/Library/Developer/Xcode/DerivedData/FMS-dwfromcokaqshnedexsaxzasxuoc/SourcePackages/checkouts/supabase-swift/Sources/Auth/AuthClient.swift (in target 'Auth' from project 'Supabase')
    cd /Users/Anish/FMS/FMS_Codebase/FMS/FMS.xcodeproj
    

SwiftCompile normal arm64 Compiling\ Deprecated.swift /Users/Anish/Library/Developer/Xcode/DerivedData/FMS-dwfromcokaqshnedexsaxzasxuoc/SourcePackages/checkouts/supabase-swift/Sources/Auth/Deprecated.swift (in target 'Auth' from project 'Supabase')

SwiftCompile normal arm64 /Users/Anish/Library/Developer/Xcode/DerivedData/FMS-dwfromcokaqshnedexsaxzasxuoc/SourcePackages/checkouts/supabase-swift/Sources/Auth/Deprecated.swift (in target 'Auth' from project 'Supabase')
    cd /Users/Anish/FMS/FMS_Codebase/FMS/FMS.xcodeproj
    

SwiftEmitModule normal arm64 Emitting\ module\ for\ Auth (in target 'Auth' from project 'Supabase')

EmitSwiftModule normal arm64 (in target 'Auth' from project 'Supabase')
    cd /Users/Anish/FMS/FMS_Codebase/FMS/FMS.xcodeproj
    

SwiftCompile normal arm64 Compiling\ APIClient.swift /Users/Anish/Library/Developer/Xcode/DerivedData/FMS-dwfromcokaqshnedexsaxzasxuoc/SourcePackages/checkouts/supabase-swift/Sources/Auth/Internal/APIClient.swift (in target 'Auth' from project 'Supabase')

SwiftCompile normal arm64 /Users/Anish/Library/Developer/Xcode/DerivedData/FMS-dwfromcokaqshnedexsaxzasxuoc/SourcePackages/checkouts/supabase-swift/Sources/Auth/Internal/APIClient.swift (in target 'Auth' from project 'Supabase')
    cd /Users/Anish/FMS/FMS_Codebase/FMS/FMS.xcodeproj
    

SwiftCompile normal arm64 Compiling\ Types.swift /Users/Anish/Library/Developer/Xcode/DerivedData/FMS-dwfromcokaqshnedexsaxzasxuoc/SourcePackages/checkouts/supabase-swift/Sources/Auth/Types.swift (in target 'Auth' from project 'Supabase')
SwiftCompile normal arm64 /Users/Anish/Library/Developer/Xcode/DerivedData/FMS-dwfromcokaqshnedexsaxzasxuoc/SourcePackages/checkouts/supabase-swift/Sources/Auth/Types.swift (in target 'Auth' from project 'Supabase')
    cd /Users/Anish/FMS/FMS_Codebase/FMS/FMS.xcodeproj
    

SwiftCompile normal arm64 Compiling\ Constants.swift /Users/Anish/Library/Developer/Xcode/DerivedData/FMS-dwfromcokaqshnedexsaxzasxuoc/SourcePackages/checkouts/supabase-swift/Sources/Auth/Internal/Constants.swift (in target 'Auth' from project 'Supabase')

SwiftCompile normal arm64 /Users/Anish/Library/Developer/Xcode/DerivedData/FMS-dwfromcokaqshnedexsaxzasxuoc/SourcePackages/checkouts/supabase-swift/Sources/Auth/Internal/Constants.swift (in target 'Auth' from project 'Supabase')
    cd /Users/Anish/FMS/FMS_Codebase/FMS/FMS.xcodeproj
    

SwiftCompile normal arm64 Compiling\ AuthClientConfiguration.swift /Users/Anish/Library/Developer/Xcode/DerivedData/FMS-dwfromcokaqshnedexsaxzasxuoc/SourcePackages/checkouts/supabase-swift/Sources/Auth/AuthClientConfiguration.swift (in target 'Auth' from project 'Supabase')

SwiftCompile normal arm64 /Users/Anish/Library/Developer/Xcode/DerivedData/FMS-dwfromcokaqshnedexsaxzasxuoc/SourcePackages/checkouts/supabase-swift/Sources/Auth/AuthClientConfiguration.swift (in target 'Auth' from project 'Supabase')
    cd /Users/Anish/FMS/FMS_Codebase/FMS/FMS.xcodeproj
    

SwiftDriverJobDiscovery normal arm64 Compiling Deprecated.swift (in target 'Auth' from project 'Supabase')

SwiftDriverJobDiscovery normal arm64 Compiling AuthClientConfiguration.swift (in target 'Auth' from project 'Supabase')

SwiftDriverJobDiscovery normal arm64 Compiling Constants.swift (in target 'Auth' from project 'Supabase')

SwiftDriverJobDiscovery normal arm64 Compiling APIClient.swift (in target 'Auth' from project 'Supabase')

SwiftDriverJobDiscovery normal arm64 Emitting module for Auth (in target 'Auth' from project 'Supabase')

SwiftDriver\ Compilation\ Requirements Auth normal arm64 com.apple.xcode.tools.swift.compiler (in target 'Auth' from project 'Supabase')
    cd /Users/Anish/FMS/FMS_Codebase/FMS/FMS.xcodeproj
    builtin-Swift-Compilation-Requirements -- /Applications/Xcode.app/Contents/Developer/Toolchains/XcodeDefault.xctoolchain/usr/bin/swiftc -module-name Auth -Onone -enforce-exclusivity\=checked @/Users/Anish/Library/Developer/Xcode/DerivedData/FMS-dwfromcokaqshnedexsaxzasxuoc/Build/Intermediates.noindex/Supabase.build/Debug-iphonesimulator/Auth.build/Objects-normal/arm64/Auth.SwiftFileList -DSWIFT_PACKAGE -DDEBUG -DSWIFT_MODULE_RESOURCE_BUNDLE_UNAVAILABLE -DXcode -enable-upcoming-feature ExistentialAny -enable-experimental-feature StrictConcurrency -plugin-path /Applications/Xcode.app/Contents/Developer/Toolchains/XcodeDefault.xctoolchain/usr/lib/swift/host/plugins/testing -enable-experimental-feature DebugDescriptionMacro -sdk /Applications/Xcode.app/Contents/Developer/Platforms/iPhoneSimulator.platform/Developer/SDKs/iPhoneSimulator18.5.sdk -target arm64-apple-ios13.0-simulator -g -module-cache-path /Users/Anish/Library/Developer/Xcode/DerivedData/ModuleCache.noindex -Xfrontend -serialize-debugging-options -enable-testing -suppress-warnings -index-store-path /Users/Anish/Library/Developer/Xcode/DerivedData/FMS-dwfromcokaqshnedexsaxzasxuoc/Index.noindex/DataStore -swift-version 5 -I /Users/Anish/Library/Developer/Xcode/DerivedData/FMS-dwfromcokaqshnedexsaxzasxuoc/Build/Products/Debug-iphonesimulator -I /Applications/Xcode.app/Contents/Developer/Platforms/iPhoneSimulator.platform/Developer/usr/lib -F /Users/Anish/Library/Developer/Xcode/DerivedData/FMS-dwfromcokaqshnedexsaxzasxuoc/Build/Products/Debug-iphonesimulator/PackageFrameworks -F /Users/Anish/Library/Developer/Xcode/DerivedData/FMS-dwfromcokaqshnedexsaxzasxuoc/Build/Products/Debug-iphonesimulator/PackageFrameworks -F /Users/Anish/Library/Developer/Xcode/DerivedData/FMS-dwfromcokaqshnedexsaxzasxuoc/Build/Products/Debug-iphonesimulator/PackageFrameworks -F /Users/Anish/Library/Developer/Xcode/DerivedData/FMS-dwfromcokaqshnedexsaxzasxuoc/Build/Products/Debug-iphonesimulator/PackageFrameworks -F /Users/Anish/Library/Developer/Xcode/DerivedData/FMS-dwfromcokaqshnedexsaxzasxuoc/Build/Products/Debug-iphonesimulator/PackageFrameworks -F /Users/Anish/Library/Developer/Xcode/DerivedData/FMS-dwfromcokaqshnedexsaxzasxuoc/Build/Products/Debug-iphonesimulator/PackageFrameworks -F /Users/Anish/Library/Developer/Xcode/DerivedData/FMS-dwfromcokaqshnedexsaxzasxuoc/Build/Products/Debug-iphonesimulator/PackageFrameworks -F /Users/Anish/Library/Developer/Xcode/DerivedData/FMS-dwfromcokaqshnedexsaxzasxuoc/Build/Products/Debug-iphonesimulator/PackageFrameworks -F /Users/Anish/Library/Developer/Xcode/DerivedData/FMS-dwfromcokaqshnedexsaxzasxuoc/Build/Products/Debug-iphonesimulator -F /Applications/Xcode.app/Contents/Developer/Platforms/iPhoneSimulator.platform/Developer/Library/Frameworks -F /Applications/Xcode.app/Contents/Developer/Platforms/iPhoneSimulator.platform/Developer/SDKs/iPhoneSimulator18.5.sdk/Developer/Library/Frameworks -c -j11 -enable-batch-mode -incremental -Xcc -ivfsstatcache -Xcc /Users/Anish/Library/Developer/Xcode/DerivedData/SDKStatCaches.noindex/iphonesimulator18.5-22F76-d5fc8ad4295d2ef488fb7d0f804ce0c4.sdkstatcache -output-file-map /Users/Anish/Library/Developer/Xcode/DerivedData/FMS-dwfromcokaqshnedexsaxzasxuoc/Build/Intermediates.noindex/Supabase.build/Debug-iphonesimulator/Auth.build/Objects-normal/arm64/Auth-OutputFileMap.json -use-frontend-parseable-output -save-temps -no-color-diagnostics -serialize-diagnostics -emit-dependencies -emit-module -emit-module-path /Users/Anish/Library/Developer/Xcode/DerivedData/FMS-dwfromcokaqshnedexsaxzasxuoc/Build/Intermediates.noindex/Supabase.build/Debug-iphonesimulator/Auth.build/Objects-normal/arm64/Auth.swiftmodule -validate-clang-modules-once -clang-build-session-file /Users/Anish/Library/Developer/Xcode/DerivedData/ModuleCache.noindex/Session.modulevalidation -package-name supabase_swift -Xcc -I/Users/Anish/Library/Developer/Xcode/DerivedData/FMS-dwfromcokaqshnedexsaxzasxuoc/Build/Intermediates.noindex/Supabase.build/Debug-iphonesimulator/Auth.build/swift-overrides.hmap -emit-const-values -Xfrontend -const-gather-protocols-file -Xfrontend /Users/Anish/Library/Developer/Xcode/DerivedData/FMS-dwfromcokaqshnedexsaxzasxuoc/Build/Intermediates.noindex/Supabase.build/Debug-iphonesimulator/Auth.build/Objects-normal/arm64/Auth_const_extract_protocols.json -Xcc -I/Users/Anish/Library/Developer/Xcode/DerivedData/FMS-dwfromcokaqshnedexsaxzasxuoc/Build/Products/Debug-iphonesimulator/include -Xcc -I/Users/Anish/Library/Developer/Xcode/DerivedData/FMS-dwfromcokaqshnedexsaxzasxuoc/Build/Intermediates.noindex/Supabase.build/Debug-iphonesimulator/Auth.build/DerivedSources-normal/arm64 -Xcc -I/Users/Anish/Library/Developer/Xcode/DerivedData/FMS-dwfromcokaqshnedexsaxzasxuoc/Build/Intermediates.noindex/Supabase.build/Debug-iphonesimulator/Auth.build/DerivedSources/arm64 -Xcc -I/Users/Anish/Library/Developer/Xcode/DerivedData/FMS-dwfromcokaqshnedexsaxzasxuoc/Build/Intermediates.noindex/Supabase.build/Debug-iphonesimulator/Auth.build/DerivedSources -Xcc -DSWIFT_PACKAGE -Xcc -DDEBUG\=1 -emit-objc-header -emit-objc-header-path /Users/Anish/Library/Developer/Xcode/DerivedData/FMS-dwfromcokaqshnedexsaxzasxuoc/Build/Intermediates.noindex/Supabase.build/Debug-iphonesimulator/Auth.build/Objects-normal/arm64/Auth-Swift.h -working-directory /Users/Anish/FMS/FMS_Codebase/FMS/FMS.xcodeproj -experimental-emit-module-separately -disable-cmo

Copy /Users/Anish/Library/Developer/Xcode/DerivedData/FMS-dwfromcokaqshnedexsaxzasxuoc/Build/Products/Debug-iphonesimulator/Auth.swiftmodule/arm64-apple-ios-simulator.abi.json /Users/Anish/Library/Developer/Xcode/DerivedData/FMS-dwfromcokaqshnedexsaxzasxuoc/Build/Intermediates.noindex/Supabase.build/Debug-iphonesimulator/Auth.build/Objects-normal/arm64/Auth.abi.json (in target 'Auth' from project 'Supabase')
    cd /Users/Anish/Library/Developer/Xcode/DerivedData/FMS-dwfromcokaqshnedexsaxzasxuoc/SourcePackages/checkouts/supabase-swift
    builtin-copy -exclude .DS_Store -exclude CVS -exclude .svn -exclude .git -exclude .hg -resolve-src-symlinks -rename /Users/Anish/Library/Developer/Xcode/DerivedData/FMS-dwfromcokaqshnedexsaxzasxuoc/Build/Intermediates.noindex/Supabase.build/Debug-iphonesimulator/Auth.build/Objects-normal/arm64/Auth.abi.json /Users/Anish/Library/Developer/Xcode/DerivedData/FMS-dwfromcokaqshnedexsaxzasxuoc/Build/Products/Debug-iphonesimulator/Auth.swiftmodule/arm64-apple-ios-simulator.abi.json

SwiftDriver FMS normal arm64 com.apple.xcode.tools.swift.compiler (in target 'FMS' from project 'FMS')
    cd /Users/Anish/FMS/FMS_Codebase/FMS
    builtin-SwiftDriver -- /Applications/Xcode.app/Contents/Developer/Toolchains/XcodeDefault.xctoolchain/usr/bin/swiftc -module-name FMS -Onone -enforce-exclusivity\=checked @/Users/Anish/Library/Developer/Xcode/DerivedData/FMS-dwfromcokaqshnedexsaxzasxuoc/Build/Intermediates.noindex/FMS.build/Debug-iphonesimulator/FMS.build/Objects-normal/arm64/FMS.SwiftFileList -DDEBUG -enable-bare-slash-regex -enable-upcoming-feature MemberImportVisibility -enable-experimental-feature DebugDescriptionMacro -sdk /Applications/Xcode.app/Contents/Developer/Platforms/iPhoneSimulator.platform/Developer/SDKs/iPhoneSimulator18.5.sdk -target arm64-apple-ios26.2-simulator -g -module-cache-path /Users/Anish/Library/Developer/Xcode/DerivedData/ModuleCache.noindex -Xfrontend -serialize-debugging-options -enable-testing -index-store-path /Users/Anish/Library/Developer/Xcode/DerivedData/FMS-dwfromcokaqshnedexsaxzasxuoc/Index.noindex/DataStore -swift-version 5 -I /Users/Anish/Library/Developer/Xcode/DerivedData/FMS-dwfromcokaqshnedexsaxzasxuoc/Build/Products/Debug-iphonesimulator -F /Users/Anish/Library/Developer/Xcode/DerivedData/FMS-dwfromcokaqshnedexsaxzasxuoc/Build/Products/Debug-iphonesimulator/PackageFrameworks -F /Users/Anish/Library/Developer/Xcode/DerivedData/FMS-dwfromcokaqshnedexsaxzasxuoc/Build/Products/Debug-iphonesimulator/PackageFrameworks -F /Users/Anish/Library/Developer/Xcode/DerivedData/FMS-dwfromcokaqshnedexsaxzasxuoc/Build/Products/Debug-iphonesimulator/PackageFrameworks -F /Users/Anish/Library/Developer/Xcode/DerivedData/FMS-dwfromcokaqshnedexsaxzasxuoc/Build/Products/Debug-iphonesimulator/PackageFrameworks -F /Users/Anish/Library/Developer/Xcode/DerivedData/FMS-dwfromcokaqshnedexsaxzasxuoc/Build/Products/Debug-iphonesimulator/PackageFrameworks -F /Users/Anish/Library/Developer/Xcode/DerivedData/FMS-dwfromcokaqshnedexsaxzasxuoc/Build/Products/Debug-iphonesimulator/PackageFrameworks -F /Users/Anish/Library/Developer/Xcode/DerivedData/FMS-dwfromcokaqshnedexsaxzasxuoc/Build/Products/Debug-iphonesimulator/PackageFrameworks -F /Users/Anish/Library/Developer/Xcode/DerivedData/FMS-dwfromcokaqshnedexsaxzasxuoc/Build/Products/Debug-iphonesimulator/PackageFrameworks -F /Users/Anish/Library/Developer/Xcode/DerivedData/FMS-dwfromcokaqshnedexsaxzasxuoc/Build/Products/Debug-iphonesimulator/PackageFrameworks -F /Users/Anish/Library/Developer/Xcode/DerivedData/FMS-dwfromcokaqshnedexsaxzasxuoc/Build/Products/Debug-iphonesimulator/PackageFrameworks -F /Users/Anish/Library/Developer/Xcode/DerivedData/FMS-dwfromcokaqshnedexsaxzasxuoc/Build/Products/Debug-iphonesimulator/PackageFrameworks -F /Users/Anish/Library/Developer/Xcode/DerivedData/FMS-dwfromcokaqshnedexsaxzasxuoc/Build/Products/Debug-iphonesimulator/PackageFrameworks -F /Users/Anish/Library/Developer/Xcode/DerivedData/FMS-dwfromcokaqshnedexsaxzasxuoc/Build/Products/Debug-iphonesimulator/PackageFrameworks -F /Users/Anish/Library/Developer/Xcode/DerivedData/FMS-dwfromcokaqshnedexsaxzasxuoc/Build/Products/Debug-iphonesimulator/PackageFrameworks -F /Users/Anish/Library/Developer/Xcode/DerivedData/FMS-dwfromcokaqshnedexsaxzasxuoc/Build/Products/Debug-iphonesimulator -emit-localized-strings -emit-localized-strings-path /Users/Anish/Library/Developer/Xcode/DerivedData/FMS-dwfromcokaqshnedexsaxzasxuoc/Build/Intermediates.noindex/FMS.build/Debug-iphonesimulator/FMS.build/Objects-normal/arm64 -c -j11 -enable-batch-mode -incremental -Xcc -ivfsstatcache -Xcc /Users/Anish/Library/Developer/Xcode/DerivedData/SDKStatCaches.noindex/iphonesimulator18.5-22F76-d5fc8ad4295d2ef488fb7d0f804ce0c4.sdkstatcache -output-file-map /Users/Anish/Library/Developer/Xcode/DerivedData/FMS-dwfromcokaqshnedexsaxzasxuoc/Build/Intermediates.noindex/FMS.build/Debug-iphonesimulator/FMS.build/Objects-normal/arm64/FMS-OutputFileMap.json -use-frontend-parseable-output -save-temps -no-color-diagnostics -serialize-diagnostics -emit-dependencies -emit-module -emit-module-path /Users/Anish/Library/Developer/Xcode/DerivedData/FMS-dwfromcokaqshnedexsaxzasxuoc/Build/Intermediates.noindex/FMS.build/Debug-iphonesimulator/FMS.build/Objects-normal/arm64/FMS.swiftmodule -validate-clang-modules-once -clang-build-session-file /Users/Anish/Library/Developer/Xcode/DerivedData/ModuleCache.noindex/Session.modulevalidation -Xcc -I/Users/Anish/Library/Developer/Xcode/DerivedData/FMS-dwfromcokaqshnedexsaxzasxuoc/Build/Intermediates.noindex/FMS.build/Debug-iphonesimulator/FMS.build/swift-overrides.hmap -emit-const-values -Xfrontend -const-gather-protocols-file -Xfrontend /Users/Anish/Library/Developer/Xcode/DerivedData/FMS-dwfromcokaqshnedexsaxzasxuoc/Build/Intermediates.noindex/FMS.build/Debug-iphonesimulator/FMS.build/Objects-normal/arm64/FMS_const_extract_protocols.json -Xcc -iquote -Xcc /Users/Anish/Library/Developer/Xcode/DerivedData/FMS-dwfromcokaqshnedexsaxzasxuoc/Build/Intermediates.noindex/FMS.build/Debug-iphonesimulator/FMS.build/FMS-generated-files.hmap -Xcc -I/Users/Anish/Library/Developer/Xcode/DerivedData/FMS-dwfromcokaqshnedexsaxzasxuoc/Build/Intermediates.noindex/FMS.build/Debug-iphonesimulator/FMS.build/FMS-own-target-headers.hmap -Xcc -I/Users/Anish/Library/Developer/Xcode/DerivedData/FMS-dwfromcokaqshnedexsaxzasxuoc/Build/Intermediates.noindex/FMS.build/Debug-iphonesimulator/FMS.build/FMS-all-non-framework-target-headers.hmap -Xcc -ivfsoverlay -Xcc /Users/Anish/Library/Developer/Xcode/DerivedData/FMS-dwfromcokaqshnedexsaxzasxuoc/Build/Intermediates.noindex/FMS.build/Debug-iphonesimulator/FMS-09ac764f5f6a6aaea0b26801b5883ea5-VFS-iphonesimulator/all-product-headers.yaml -Xcc -iquote -Xcc /Users/Anish/Library/Developer/Xcode/DerivedData/FMS-dwfromcokaqshnedexsaxzasxuoc/Build/Intermediates.noindex/FMS.build/Debug-iphonesimulator/FMS.build/FMS-project-headers.hmap -Xcc -I/Users/Anish/Library/Developer/Xcode/DerivedData/FMS-dwfromcokaqshnedexsaxzasxuoc/Build/Products/Debug-iphonesimulator/include -Xcc -I/Users/Anish/Library/Developer/Xcode/DerivedData/FMS-dwfromcokaqshnedexsaxzasxuoc/Build/Intermediates.noindex/FMS.build/Debug-iphonesimulator/FMS.build/DerivedSources-normal/arm64 -Xcc -I/Users/Anish/Library/Developer/Xcode/DerivedData/FMS-dwfromcokaqshnedexsaxzasxuoc/Build/Intermediates.noindex/FMS.build/Debug-iphonesimulator/FMS.build/DerivedSources/arm64 -Xcc -I/Users/Anish/Library/Developer/Xcode/DerivedData/FMS-dwfromcokaqshnedexsaxzasxuoc/Build/Intermediates.noindex/FMS.build/Debug-iphonesimulator/FMS.build/DerivedSources -Xcc -DDEBUG\=1 -emit-objc-header -emit-objc-header-path /Users/Anish/Library/Developer/Xcode/DerivedData/FMS-dwfromcokaqshnedexsaxzasxuoc/Build/Intermediates.noindex/FMS.build/Debug-iphonesimulator/FMS.build/Objects-normal/arm64/FMS-Swift.h -working-directory /Users/Anish/FMS/FMS_Codebase/FMS -experimental-emit-module-separately -disable-cmo

SwiftCompile normal arm64 Compiling\ PartsInventory.swift,\ LiveVehicleDashboardView.swift,\ Driver.swift /Users/Anish/FMS/FMS_Codebase/FMS/FMS/Models/PartsInventory.swift /Users/Anish/FMS/FMS_Codebase/FMS/FMS/Views/LiveVehicleDashboardView.swift /Users/Anish/FMS/FMS_Codebase/FMS/FMS/Models/Driver.swift (in target 'FMS' from project 'FMS')

SwiftCompile normal arm64 /Users/Anish/FMS/FMS_Codebase/FMS/FMS/Models/PartsInventory.swift (in target 'FMS' from project 'FMS')
    cd /Users/Anish/FMS/FMS_Codebase/FMS
    

SwiftCompile normal arm64 /Users/Anish/FMS/FMS_Codebase/FMS/FMS/Views/LiveVehicleDashboardView.swift (in target 'FMS' from project 'FMS')
    cd /Users/Anish/FMS/FMS_Codebase/FMS
    

SwiftCompile normal arm64 /Users/Anish/FMS/FMS_Codebase/FMS/FMS/Models/Driver.swift (in target 'FMS' from project 'FMS')
    cd /Users/Anish/FMS/FMS_Codebase/FMS
    

SwiftCompile normal arm64 Compiling\ ContentView.swift,\ FleetManagerDashboardView.swift,\ Incident.swift /Users/Anish/FMS/FMS_Codebase/FMS/FMS/ContentView.swift /Users/Anish/FMS/FMS_Codebase/FMS/FMS/Views/FleetManagerDashboardView.swift /Users/Anish/FMS/FMS_Codebase/FMS/FMS/Models/Incident.swift (in target 'FMS' from project 'FMS')

SwiftCompile normal arm64 /Users/Anish/FMS/FMS_Codebase/FMS/FMS/ContentView.swift (in target 'FMS' from project 'FMS')
    cd /Users/Anish/FMS/FMS_Codebase/FMS
    

SwiftCompile normal arm64 /Users/Anish/FMS/FMS_Codebase/FMS/FMS/Views/FleetManagerDashboardView.swift (in target 'FMS' from project 'FMS')
    cd /Users/Anish/FMS/FMS_Codebase/FMS
    

SwiftCompile normal arm64 /Users/Anish/FMS/FMS_Codebase/FMS/FMS/Models/Incident.swift (in target 'FMS' from project 'FMS')
    cd /Users/Anish/FMS/FMS_Codebase/FMS
    

SwiftCompile normal arm64 Compiling\ TripStop.swift,\ BreakLog.swift,\ TripGPSLog.swift /Users/Anish/FMS/FMS_Codebase/FMS/FMS/Models/TripStop.swift /Users/Anish/FMS/FMS_Codebase/FMS/FMS/Models/BreakLog.swift /Users/Anish/FMS/FMS_Codebase/FMS/FMS/Models/TripGPSLog.swift (in target 'FMS' from project 'FMS')

SwiftCompile normal arm64 /Users/Anish/FMS/FMS_Codebase/FMS/FMS/Models/TripStop.swift (in target 'FMS' from project 'FMS')
    cd /Users/Anish/FMS/FMS_Codebase/FMS
    

SwiftCompile normal arm64 /Users/Anish/FMS/FMS_Codebase/FMS/FMS/Models/BreakLog.swift (in target 'FMS' from project 'FMS')
    cd /Users/Anish/FMS/FMS_Codebase/FMS
    

SwiftCompile normal arm64 /Users/Anish/FMS/FMS_Codebase/FMS/FMS/Models/TripGPSLog.swift (in target 'FMS' from project 'FMS')
    cd /Users/Anish/FMS/FMS_Codebase/FMS
    

SwiftCompile normal arm64 Compiling\ SupabaseService.swift,\ QuickActionCard.swift,\ LiveTripCard.swift /Users/Anish/FMS/FMS_Codebase/FMS/FMS/Services/SupabaseService.swift /Users/Anish/FMS/FMS_Codebase/FMS/FMS/Components/QuickActionCard.swift /Users/Anish/FMS/FMS_Codebase/FMS/FMS/Components/LiveTripCard.swift (in target 'FMS' from project 'FMS')

SwiftCompile normal arm64 /Users/Anish/FMS/FMS_Codebase/FMS/FMS/Services/SupabaseService.swift (in target 'FMS' from project 'FMS')
    cd /Users/Anish/FMS/FMS_Codebase/FMS
    

SwiftCompile normal arm64 /Users/Anish/FMS/FMS_Codebase/FMS/FMS/Components/QuickActionCard.swift (in target 'FMS' from project 'FMS')
    cd /Users/Anish/FMS/FMS_Codebase/FMS
    

SwiftCompile normal arm64 /Users/Anish/FMS/FMS_Codebase/FMS/FMS/Components/LiveTripCard.swift (in target 'FMS' from project 'FMS')
    cd /Users/Anish/FMS/FMS_Codebase/FMS
    

SwiftCompile normal arm64 Compiling\ TelemetryData.swift,\ FMSRoleCard.swift,\ MaintenanceWorkOrder.swift /Users/Anish/FMS/FMS_Codebase/FMS/FMS/Models/TelemetryData.swift /Users/Anish/FMS/FMS_Codebase/FMS/FMS/Components/FMSRoleCard.swift /Users/Anish/FMS/FMS_Codebase/FMS/FMS/Models/MaintenanceWorkOrder.swift (in target 'FMS' from project 'FMS')

SwiftCompile normal arm64 /Users/Anish/FMS/FMS_Codebase/FMS/FMS/Models/TelemetryData.swift (in target 'FMS' from project 'FMS')
    cd /Users/Anish/FMS/FMS_Codebase/FMS
    

SwiftCompile normal arm64 /Users/Anish/FMS/FMS_Codebase/FMS/FMS/Components/FMSRoleCard.swift (in target 'FMS' from project 'FMS')
    cd /Users/Anish/FMS/FMS_Codebase/FMS
    

SwiftCompile normal arm64 /Users/Anish/FMS/FMS_Codebase/FMS/FMS/Models/MaintenanceWorkOrder.swift (in target 'FMS' from project 'FMS')
    cd /Users/Anish/FMS/FMS_Codebase/FMS
    

SwiftEmitModule normal arm64 Emitting\ module\ for\ FMS (in target 'FMS' from project 'FMS')

EmitSwiftModule normal arm64 (in target 'FMS' from project 'FMS')
    cd /Users/Anish/FMS/FMS_Codebase/FMS
    

SwiftCompile normal arm64 Compiling\ FMSTheme.swift,\ FMSPrimaryButton.swift /Users/Anish/FMS/FMS_Codebase/FMS/FMS/Theme/FMSTheme.swift /Users/Anish/FMS/FMS_Codebase/FMS/FMS/Components/FMSPrimaryButton.swift (in target 'FMS' from project 'FMS')

SwiftCompile normal arm64 /Users/Anish/FMS/FMS_Codebase/FMS/FMS/Theme/FMSTheme.swift (in target 'FMS' from project 'FMS')
    cd /Users/Anish/FMS/FMS_Codebase/FMS
    

SwiftCompile normal arm64 /Users/Anish/FMS/FMS_Codebase/FMS/FMS/Components/FMSPrimaryButton.swift (in target 'FMS' from project 'FMS')
    cd /Users/Anish/FMS/FMS_Codebase/FMS
    

SwiftCompile normal arm64 Compiling\ Notification.swift,\ SupabaseConfig.swift,\ VehicleDocument.swift /Users/Anish/FMS/FMS_Codebase/FMS/FMS/Models/Notification.swift /Users/Anish/FMS/FMS_Codebase/FMS/FMS/Config/SupabaseConfig.swift /Users/Anish/FMS/FMS_Codebase/FMS/FMS/Models/VehicleDocument.swift (in target 'FMS' from project 'FMS')

SwiftCompile normal arm64 /Users/Anish/FMS/FMS_Codebase/FMS/FMS/Models/Notification.swift (in target 'FMS' from project 'FMS')
    cd /Users/Anish/FMS/FMS_Codebase/FMS
    

SwiftCompile normal arm64 /Users/Anish/FMS/FMS_Codebase/FMS/FMS/Config/SupabaseConfig.swift (in target 'FMS' from project 'FMS')
    cd /Users/Anish/FMS/FMS_Codebase/FMS
    

SwiftCompile normal arm64 /Users/Anish/FMS/FMS_Codebase/FMS/FMS/Models/VehicleDocument.swift (in target 'FMS' from project 'FMS')
    cd /Users/Anish/FMS/FMS_Codebase/FMS
    

SwiftCompile normal arm64 Compiling\ RoleSelectionView.swift,\ AlertRow.swift,\ DriverVehicleAssignment.swift /Users/Anish/FMS/FMS_Codebase/FMS/FMS/Views/RoleSelectionView.swift /Users/Anish/FMS/FMS_Codebase/FMS/FMS/Components/AlertRow.swift /Users/Anish/FMS/FMS_Codebase/FMS/FMS/Models/DriverVehicleAssignment.swift (in target 'FMS' from project 'FMS')

SwiftCompile normal arm64 /Users/Anish/FMS/FMS_Codebase/FMS/FMS/Views/RoleSelectionView.swift (in target 'FMS' from project 'FMS')
    cd /Users/Anish/FMS/FMS_Codebase/FMS
    

SwiftCompile normal arm64 /Users/Anish/FMS/FMS_Codebase/FMS/FMS/Components/AlertRow.swift (in target 'FMS' from project 'FMS')
    cd /Users/Anish/FMS/FMS_Codebase/FMS
    

SwiftCompile normal arm64 /Users/Anish/FMS/FMS_Codebase/FMS/FMS/Models/DriverVehicleAssignment.swift (in target 'FMS' from project 'FMS')
    cd /Users/Anish/FMS/FMS_Codebase/FMS
    

SwiftCompile normal arm64 Compiling\ FleetManagerLoginView.swift,\ VehicleListCard.swift,\ User.swift /Users/Anish/FMS/FMS_Codebase/FMS/FMS/Views/FleetManagerLoginView.swift /Users/Anish/FMS/FMS_Codebase/FMS/FMS/Components/VehicleListCard.swift /Users/Anish/FMS/FMS_Codebase/FMS/FMS/Models/User.swift (in target 'FMS' from project 'FMS')

SwiftCompile normal arm64 /Users/Anish/FMS/FMS_Codebase/FMS/FMS/Views/FleetManagerLoginView.swift (in target 'FMS' from project 'FMS')
    cd /Users/Anish/FMS/FMS_Codebase/FMS
    

SwiftCompile normal arm64 /Users/Anish/FMS/FMS_Codebase/FMS/FMS/Components/VehicleListCard.swift (in target 'FMS' from project 'FMS')
    cd /Users/Anish/FMS/FMS_Codebase/FMS
    

SwiftCompile normal arm64 /Users/Anish/FMS/FMS_Codebase/FMS/FMS/Models/User.swift (in target 'FMS' from project 'FMS')
    cd /Users/Anish/FMS/FMS_Codebase/FMS
    

SwiftDriverJobDiscovery normal arm64 Compiling FMSTheme.swift, FMSPrimaryButton.swift (in target 'FMS' from project 'FMS')

SwiftCompile normal arm64 Compiling\ MainDashboardView.swift /Users/Anish/FMS/FMS_Codebase/FMS/FMS/Views/MainDashboardView.swift (in target 'FMS' from project 'FMS')

SwiftCompile normal arm64 /Users/Anish/FMS/FMS_Codebase/FMS/FMS/Views/MainDashboardView.swift (in target 'FMS' from project 'FMS')
    cd /Users/Anish/FMS/FMS_Codebase/FMS
    

SwiftDriverJobDiscovery normal arm64 Compiling Notification.swift, SupabaseConfig.swift, VehicleDocument.swift (in target 'FMS' from project 'FMS')

SwiftCompile normal arm64 Compiling\ FleetStatusCard.swift /Users/Anish/FMS/FMS_Codebase/FMS/FMS/Components/FleetStatusCard.swift (in target 'FMS' from project 'FMS')

SwiftCompile normal arm64 /Users/Anish/FMS/FMS_Codebase/FMS/FMS/Components/FleetStatusCard.swift (in target 'FMS' from project 'FMS')
    cd /Users/Anish/FMS/FMS_Codebase/FMS
    

SwiftDriverJobDiscovery normal arm64 Compiling TripStop.swift, BreakLog.swift, TripGPSLog.swift (in target 'FMS' from project 'FMS')

SwiftCompile normal arm64 Compiling\ FMSTextField.swift,\ Geofence.swift,\ FMSTabBar.swift /Users/Anish/FMS/FMS_Codebase/FMS/FMS/Components/FMSTextField.swift /Users/Anish/FMS/FMS_Codebase/FMS/FMS/Models/Geofence.swift /Users/Anish/FMS/FMS_Codebase/FMS/FMS/Components/FMSTabBar.swift (in target 'FMS' from project 'FMS')
Please submit a bug report (https://swift.org/contributing/#reporting-bugs) and include the crash backtrace.
Stack dump:
0.	Program arguments: /Applications/Xcode.app/Contents/Developer/Toolchains/XcodeDefault.xctoolchain/usr/bin/swift-frontend -frontend -c /Users/Anish/FMS/FMS_Codebase/FMS/FMS/Services/SupabaseService.swift /Users/Anish/FMS/FMS_Codebase/FMS/FMS/Components/QuickActionCard.swift /Users/Anish/FMS/FMS_Codebase/FMS/FMS/Components/LiveTripCard.swift /Users/Anish/FMS/FMS_Codebase/FMS/FMS/Models/TripStop.swift /Users/Anish/FMS/FMS_Codebase/FMS/FMS/Models/BreakLog.swift /Users/Anish/FMS/FMS_Codebase/FMS/FMS/Components/FleetStatusCard.swift /Users/Anish/FMS/FMS_Codebase/FMS/FMS/Models/FuelLog.swift /Users/Anish/FMS/FMS_Codebase/FMS/FMS/ViewModels/LiveVehicleViewModel.swift /Users/Anish/FMS/FMS_Codebase/FMS/FMS/Models/TripGPSLog.swift /Users/Anish/FMS/FMS_Codebase/FMS/FMS/ContentView.swift /Users/Anish/FMS/FMS_Codebase/FMS/FMS/Views/FleetManagerDashboardView.swift /Users/Anish/FMS/FMS_Codebase/FMS/FMS/Models/MaintenancePartsUsed.swift /Users/Anish/FMS/FMS_Codebase/FMS/FMS/Models/Incident.swift /Users/Anish/FMS/FMS_Codebase/FMS/FMS/Models/PartsInventory.swift /Users/Anish/FMS/FMS_Codebase/FMS/FMS/Views/LiveVehicleDashboardView.swift /Users/Anish/FMS/FMS_Codebase/FMS/FMS/Models/Driver.swift -primary-file /Users/Anish/FMS/FMS_Codebase/FMS/FMS/Components/FMSTextField.swift -primary-file /Users/Anish/FMS/FMS_Codebase/FMS/FMS/Models/Geofence.swift /Users/Anish/FMS/FMS_Codebase/FMS/FMS/Models/Trip.swift -primary-file /Users/Anish/FMS/FMS_Codebase/FMS/FMS/Components/FMSTabBar.swift /Users/Anish/FMS/FMS_Codebase/FMS/FMS/Models/Notification.swift /Users/Anish/FMS/FMS_Codebase/FMS/FMS/Config/SupabaseConfig.swift /Users/Anish/FMS/FMS_Codebase/FMS/FMS/Models/VehicleDocument.swift /Users/Anish/FMS/FMS_Codebase/FMS/FMS/Models/TelemetryData.swift /Users/Anish/FMS/FMS_Codebase/FMS/FMS/Models/VehicleInspection.swift /Users/Anish/FMS/FMS_Codebase/FMS/FMS/Components/FMSRoleCard.swift /Users/Anish/FMS/FMS_Codebase/FMS/FMS/Models/MaintenanceWorkOrder.swift /Users/Anish/FMS/FMS_Codebase/FMS/FMS/Views/MainDashboardView.swift /Users/Anish/FMS/FMS_Codebase/FMS/FMS/Views/RoleSelectionView.swift /Users/Anish/FMS/FMS_Codebase/FMS/FMS/Models/Company.swift /Users/Anish/FMS/FMS_Codebase/FMS/FMS/Components/AlertRow.swift /Users/Anish/FMS/FMS_Codebase/FMS/FMS/Models/DriverVehicleAssignment.swift /Users/Anish/FMS/FMS_Codebase/FMS/FMS/Models/VehicleEvent.swift /Users/Anish/FMS/FMS_Codebase/FMS/FMS/FMSApp.swift /Users/Anish/FMS/FMS_Codebase/FMS/FMS/Models/Vehicle.swift /Users/Anish/FMS/FMS_Codebase/FMS/FMS/Views/FleetManagerLoginView.swift /Users/Anish/FMS/FMS_Codebase/FMS/FMS/Components/VehicleListCard.swift /Users/Anish/FMS/FMS_Codebase/FMS/FMS/Models/User.swift /Users/Anish/FMS/FMS_Codebase/FMS/FMS/ViewModels/AuthViewModel.swift /Users/Anish/FMS/FMS_Codebase/FMS/FMS/Theme/FMSTheme.swift /Users/Anish/FMS/FMS_Codebase/FMS/FMS/Components/FMSPrimaryButton.swift /Users/Anish/Library/Developer/Xcode/DerivedData/FMS-dwfromcokaqshnedexsaxzasxuoc/Build/Intermediates.noindex/FMS.build/Debug-iphonesimulator/FMS.build/DerivedSources/GeneratedAssetSymbols.swift -supplementary-output-file-map /Users/Anish/Library/Developer/Xcode/DerivedData/FMS-dwfromcokaqshnedexsaxzasxuoc/Build/Intermediates.noindex/FMS.build/Debug-iphonesimulator/FMS.build/Objects-normal/arm64/supplementaryOutputs-11 -emit-localized-strings -emit-localized-strings-path /Users/Anish/Library/Developer/Xcode/DerivedData/FMS-dwfromcokaqshnedexsaxzasxuoc/Build/Intermediates.noindex/FMS.build/Debug-iphonesimulator/FMS.build/Objects-normal/arm64 -target arm64-apple-ios26.2-simulator -Xllvm -aarch64-use-tbi -enable-objc-interop -sdk /Applications/Xcode.app/Contents/Developer/Platforms/iPhoneSimulator.platform/Developer/SDKs/iPhoneSimulator18.5.sdk -I /Users/Anish/Library/Developer/Xcode/DerivedData/FMS-dwfromcokaqshnedexsaxzasxuoc/Build/Products/Debug-iphonesimulator -F /Users/Anish/Library/Developer/Xcode/DerivedData/FMS-dwfromcokaqshnedexsaxzasxuoc/Build/Products/Debug-iphonesimulator/PackageFrameworks -F /Users/Anish/Library/Developer/Xcode/DerivedData/FMS-dwfromcokaqshnedexsaxzasxuoc/Build/Products/Debug-iphonesimulator/PackageFrameworks -F /Users/Anish/Library/Developer/Xcode/DerivedData/FMS-dwfromcokaqshnedexsaxzasxuoc/Build/Products/Debug-iphonesimulator/PackageFrameworks -F /Users/Anish/Library/Developer/Xcode/DerivedData/FMS-dwfromcokaqshnedexsaxzasxuoc/Build/Products/Debug-iphonesimulator/PackageFrameworks -F /Users/Anish/Library/Developer/Xcode/DerivedData/FMS-dwfromcokaqshnedexsaxzasxuoc/Build/Products/Debug-iphonesimulator/PackageFrameworks -F /Users/Anish/Library/Developer/Xcode/DerivedData/FMS-dwfromcokaqshnedexsaxzasxuoc/Build/Products/Debug-iphonesimulator/PackageFrameworks -F /Users/Anish/Library/Developer/Xcode/DerivedData/FMS-dwfromcokaqshnedexsaxzasxuoc/Build/Products/Debug-iphonesimulator/PackageFrameworks -F /Users/Anish/Library/Developer/Xcode/DerivedData/FMS-dwfromcokaqshnedexsaxzasxuoc/Build/Products/Debug-iphonesimulator/PackageFrameworks -F /Users/Anish/Library/Developer/Xcode/DerivedData/FMS-dwfromcokaqshnedexsaxzasxuoc/Build/Products/Debug-iphonesimulator/PackageFrameworks -F /Users/Anish/Library/Developer/Xcode/DerivedData/FMS-dwfromcokaqshnedexsaxzasxuoc/Build/Products/Debug-iphonesimulator/PackageFrameworks -F /Users/Anish/Library/Developer/Xcode/DerivedData/FMS-dwfromcokaqshnedexsaxzasxuoc/Build/Products/Debug-iphonesimulator/PackageFrameworks -F /Users/Anish/Library/Developer/Xcode/DerivedData/FMS-dwfromcokaqshnedexsaxzasxuoc/Build/Products/Debug-iphonesimulator/PackageFrameworks -F /Users/Anish/Library/Developer/Xcode/DerivedData/FMS-dwfromcokaqshnedexsaxzasxuoc/Build/Products/Debug-iphonesimulator/PackageFrameworks -F /Users/Anish/Library/Developer/Xcode/DerivedData/FMS-dwfromcokaqshnedexsaxzasxuoc/Build/Products/Debug-iphonesimulator/PackageFrameworks -F /Users/Anish/Library/Developer/Xcode/DerivedData/FMS-dwfromcokaqshnedexsaxzasxuoc/Build/Products/Debug-iphonesimulator -no-color-diagnostics -enable-testing -g -debug-info-format=dwarf -dwarf-version=5 -module-cache-path /Users/Anish/Library/Developer/Xcode/DerivedData/ModuleCache.noindex -swift-version 5 -enforce-exclusivity=checked -Onone -D DEBUG -serialize-debugging-options -const-gather-protocols-file /Users/Anish/Library/Developer/Xcode/DerivedData/FMS-dwfromcokaqshnedexsaxzasxuoc/Build/Intermediates.noindex/FMS.build/Debug-iphonesimulator/FMS.build/Objects-normal/arm64/FMS_const_extract_protocols.json -enable-upcoming-feature MemberImportVisibility -enable-experimental-feature DebugDescriptionMacro -enable-bare-slash-regex -empty-abi-descriptor -validate-clang-modules-once -clang-build-session-file /Users/Anish/Library/Developer/Xcode/DerivedData/ModuleCache.noindex/Session.modulevalidation -Xcc -working-directory -Xcc /Users/Anish/FMS/FMS_Codebase/FMS -resource-dir /Applications/Xcode.app/Contents/Developer/Toolchains/XcodeDefault.xctoolchain/usr/lib/swift -enable-anonymous-context-mangled-names -file-compilation-dir /Users/Anish/FMS/FMS_Codebase/FMS -Xcc -ivfsstatcache -Xcc /Users/Anish/Library/Developer/Xcode/DerivedData/SDKStatCaches.noindex/iphonesimulator18.5-22F76-d5fc8ad4295d2ef488fb7d0f804ce0c4.sdkstatcache -Xcc -I/Users/Anish/Library/Developer/Xcode/DerivedData/FMS-dwfromcokaqshnedexsaxzasxuoc/Build/Intermediates.noindex/FMS.build/Debug-iphonesimulator/FMS.build/swift-overrides.hmap -Xcc -iquote -Xcc /Users/Anish/Library/Developer/Xcode/DerivedData/FMS-dwfromcokaqshnedexsaxzasxuoc/Build/Intermediates.noindex/FMS.build/Debug-iphonesimulator/FMS.build/FMS-generated-files.hmap -Xcc -I/Users/Anish/Library/Developer/Xcode/DerivedData/FMS-dwfromcokaqshnedexsaxzasxuoc/Build/Intermediates.noindex/FMS.build/Debug-iphonesimulator/FMS.build/FMS-own-target-headers.hmap -Xcc -I/Users/Anish/Library/Developer/Xcode/DerivedData/FMS-dwfromcokaqshnedexsaxzasxuoc/Build/Intermediates.noindex/FMS.build/Debug-iphonesimulator/FMS.build/FMS-all-non-framework-target-headers.hmap -Xcc -ivfsoverlay -Xcc /Users/Anish/Library/Developer/Xcode/DerivedData/FMS-dwfromcokaqshnedexsaxzasxuoc/Build/Intermediates.noindex/FMS.build/Debug-iphonesimulator/FMS-09ac764f5f6a6aaea0b26801b5883ea5-VFS-iphonesimulator/all-product-headers.yaml -Xcc -iquote -Xcc /Users/Anish/Library/Developer/Xcode/DerivedData/FMS-dwfromcokaqshnedexsaxzasxuoc/Build/Intermediates.noindex/FMS.build/Debug-iphonesimulator/FMS.build/FMS-project-headers.hmap -Xcc -I/Users/Anish/Library/Developer/Xcode/DerivedData/FMS-dwfromcokaqshnedexsaxzasxuoc/Build/Products/Debug-iphonesimulator/include -Xcc -I/Users/Anish/Library/Developer/Xcode/DerivedData/FMS-dwfromcokaqshnedexsaxzasxuoc/Build/Intermediates.noindex/FMS.build/Debug-iphonesimulator/FMS.build/DerivedSources-normal/arm64 -Xcc -I/Users/Anish/Library/Developer/Xcode/DerivedData/FMS-dwfromcokaqshnedexsaxzasxuoc/Build/Intermediates.noindex/FMS.build/Debug-iphonesimulator/FMS.build/DerivedSources/arm64 -Xcc -I/Users/Anish/Library/Developer/Xcode/DerivedData/FMS-dwfromcokaqshnedexsaxzasxuoc/Build/Intermediates.noindex/FMS.build/Debug-iphonesimulator/FMS.build/DerivedSources -Xcc -DDEBUG=1 -module-name FMS -frontend-parseable-output -disable-clang-spi -target-sdk-version 18.5 -target-sdk-name iphonesimulator18.5 -external-plugin-path /Applications/Xcode.app/Contents/Developer/Platforms/iPhoneOS.platform/Developer/usr/lib/swift/host/plugins#/Applications/Xcode.app/Contents/Developer/Platforms/iPhoneOS.platform/Developer/usr/bin/swift-plugin-server -external-plugin-path /Applications/Xcode.app/Contents/Developer/Platforms/iPhoneOS.platform/Developer/usr/local/lib/swift/host/plugins#/Applications/Xcode.app/Contents/Developer/Platforms/iPhoneOS.platform/Developer/usr/bin/swift-plugin-server -in-process-plugin-server-path /Applications/Xcode.app/Contents/Developer/Toolchains/XcodeDefault.xctoolchain/usr/lib/swift/host/libSwiftInProcPluginServer.dylib -plugin-path /Applications/Xcode.app/Contents/Developer/Toolchains/XcodeDefault.xctoolchain/usr/lib/swift/host/plugins -plugin-path /Applications/Xcode.app/Contents/Developer/Toolchains/XcodeDefault.xctoolchain/usr/local/lib/swift/host/plugins -o /Users/Anish/Library/Developer/Xcode/DerivedData/FMS-dwfromcokaqshnedexsaxzasxuoc/Build/Intermediates.noindex/FMS.build/Debug-iphonesimulator/FMS.build/Objects-normal/arm64/FMSTextField.o -o /Users/Anish/Library/Developer/Xcode/DerivedData/FMS-dwfromcokaqshnedexsaxzasxuoc/Build/Intermediates.noindex/FMS.build/Debug-iphonesimulator/FMS.build/Objects-normal/arm64/Geofence.o -o /Users/Anish/Library/Developer/Xcode/DerivedData/FMS-dwfromcokaqshnedexsaxzasxuoc/Build/Intermediates.noindex/FMS.build/Debug-iphonesimulator/FMS.build/Objects-normal/arm64/FMSTabBar.o -index-unit-output-path /FMS.build/Debug-iphonesimulator/FMS.build/Objects-normal/arm64/FMSTextField.o -index-unit-output-path /FMS.build/Debug-iphonesimulator/FMS.build/Objects-normal/arm64/Geofence.o -index-unit-output-path /FMS.build/Debug-iphonesimulator/FMS.build/Objects-normal/arm64/FMSTabBar.o -index-store-path /Users/Anish/Library/Developer/Xcode/DerivedData/FMS-dwfromcokaqshnedexsaxzasxuoc/Index.noindex/DataStore -index-system-modules
1.	Apple Swift version 6.1.2 (swiftlang-6.1.2.1.2 clang-1700.0.13.5)
2.	Compiling with effective version 5.10
3.	While evaluating request IRGenRequest(IR Generation for file "/Users/Anish/FMS/FMS_Codebase/FMS/FMS/Components/FMSTabBar.swift")
4.	While emitting IR SIL function "@$s3FMS11FMSTabShellVyAcA0B4ItemVyxGxQp_tyXEcRvz7SwiftUI4ViewRzlufC".
 for 'init(_:)' (at /Users/Anish/FMS/FMS_Codebase/FMS/FMS/Components/FMSTabBar.swift:27:12)
Stack dump without symbol names (ensure you have llvm-symbolizer in your PATH or set the environment var `LLVM_SYMBOLIZER_PATH` to point to it):
0  swift-frontend           0x0000000106776e24 llvm::sys::PrintStackTrace(llvm::raw_ostream&, int) + 56
1  swift-frontend           0x0000000106774c5c llvm::sys::RunSignalHandlers() + 112
2  swift-frontend           0x0000000106777460 SignalHandler(int) + 360
3  libsystem_platform.dylib 0x00000001827296a4 _sigtramp + 56
4  swift-frontend           0x0000000100cd6978 swift::irgen::getTypeAndGenericSignatureForManglingOutlineFunction(swift::SILType) + 336
5  swift-frontend           0x0000000100cd8ea0 swift::irgen::IRGenModule::getOrCreateRetainFunction(swift::irgen::TypeInfo const&, swift::SILType, llvm::Type*, swift::irgen::Atomicity) + 272
6  swift-frontend           0x0000000100c4280c (anonymous namespace)::IRGenSILFunction::visitSILBasicBlock(swift::SILBasicBlock*) + 60140
7  swift-frontend           0x0000000100c32614 (anonymous namespace)::IRGenSILFunction::emitSILFunction() + 15860
8  swift-frontend           0x0000000100c2e368 swift::irgen::IRGenModule::emitSILFunction(swift::SILFunction*) + 2788
9  swift-frontend           0x0000000100a517e0 swift::irgen::IRGenerator::emitGlobalTopLevel(std::__1::vector<std::__1::basic_string<char, std::__1::char_traits<char>, std::__1::allocator<char>>, std::__1::allocator<std::__1::basic_string<char, std::__1::char_traits<char>, std::__1::allocator<char>>>> const&) + 2044
10 swift-frontend           0x0000000100bdfc84 swift::IRGenRequest::evaluate(swift::Evaluator&, swift::IRGenDescriptor) const + 4296
11 swift-frontend           0x0000000100c2d5c4 swift::SimpleRequest<swift::IRGenRequest, swift::GeneratedModule (swift::IRGenDescriptor), (swift::RequestFlags)17>::evaluateRequest(swift::IRGenRequest const&, swift::Evaluator&) + 180
12 swift-frontend           0x0000000100be91b0 swift::IRGenRequest::OutputType swift::Evaluator::getResultUncached<swift::IRGenRequest, swift::IRGenRequest::OutputType swift::evaluateOrFatal<swift::IRGenRequest>(swift::Evaluator&, swift::IRGenRequest)::'lambda'()>(swift::IRGenRequest const&, swift::IRGenRequest::OutputType swift::evaluateOrFatal<swift::IRGenRequest>(swift::Evaluator&, swift::IRGenRequest)::'lambda'()) + 812
13 swift-frontend           0x0000000100be2910 swift::performIRGeneration(swift::FileUnit*, swift::IRGenOptions const&, swift::TBDGenOptions const&, std::__1::unique_ptr<swift::SILModule, std::__1::default_delete<swift::SILModule>>, llvm::StringRef, swift::PrimarySpecificPaths const&, llvm::StringRef, llvm::GlobalVariable**) + 176
14 swift-frontend           0x00000001005cdaf0 generateIR(swift::IRGenOptions const&, swift::TBDGenOptions const&, std::__1::unique_ptr<swift::SILModule, std::__1::default_delete<swift::SILModule>>, swift::PrimarySpecificPaths const&, llvm::StringRef, llvm::PointerUnion<swift::ModuleDecl*, swift::SourceFile*>, llvm::GlobalVariable*&, llvm::ArrayRef<std::__1::basic_string<char, std::__1::char_traits<char>, std::__1::allocator<char>>>) + 156
15 swift-frontend           0x00000001005c907c performCompileStepsPostSILGen(swift::CompilerInstance&, std::__1::unique_ptr<swift::SILModule, std::__1::default_delete<swift::SILModule>>, llvm::PointerUnion<swift::ModuleDecl*, swift::SourceFile*>, swift::PrimarySpecificPaths const&, int&, swift::FrontendObserver*) + 2108
16 swift-frontend           0x00000001005c80a8 swift::performCompileStepsPostSema(swift::CompilerInstance&, int&, swift::FrontendObserver*) + 1036
17 swift-frontend           0x00000001005cb654 performCompile(swift::CompilerInstance&, int&, swift::FrontendObserver*) + 1764
18 swift-frontend           0x00000001005c9fd8 swift::performFrontend(llvm::ArrayRef<char const*>, char const*, void*, swift::FrontendObserver*) + 3716
19 swift-frontend           0x000000010054e0bc swift::mainEntry(int, char const**) + 5428
20 dyld                     0x000000018234eb98 start + 6076
Failed frontend command:
/Applications/Xcode.app/Contents/Developer/Toolchains/XcodeDefault.xctoolchain/usr/bin/swift-frontend -frontend -c /Users/Anish/FMS/FMS_Codebase/FMS/FMS/Services/SupabaseService.swift /Users/Anish/FMS/FMS_Codebase/FMS/FMS/Components/QuickActionCard.swift /Users/Anish/FMS/FMS_Codebase/FMS/FMS/Components/LiveTripCard.swift /Users/Anish/FMS/FMS_Codebase/FMS/FMS/Models/TripStop.swift /Users/Anish/FMS/FMS_Codebase/FMS/FMS/Models/BreakLog.swift /Users/Anish/FMS/FMS_Codebase/FMS/FMS/Components/FleetStatusCard.swift /Users/Anish/FMS/FMS_Codebase/FMS/FMS/Models/FuelLog.swift /Users/Anish/FMS/FMS_Codebase/FMS/FMS/ViewModels/LiveVehicleViewModel.swift /Users/Anish/FMS/FMS_Codebase/FMS/FMS/Models/TripGPSLog.swift /Users/Anish/FMS/FMS_Codebase/FMS/FMS/ContentView.swift /Users/Anish/FMS/FMS_Codebase/FMS/FMS/Views/FleetManagerDashboardView.swift /Users/Anish/FMS/FMS_Codebase/FMS/FMS/Models/MaintenancePartsUsed.swift /Users/Anish/FMS/FMS_Codebase/FMS/FMS/Models/Incident.swift /Users/Anish/FMS/FMS_Codebase/FMS/FMS/Models/PartsInventory.swift /Users/Anish/FMS/FMS_Codebase/FMS/FMS/Views/LiveVehicleDashboardView.swift /Users/Anish/FMS/FMS_Codebase/FMS/FMS/Models/Driver.swift -primary-file /Users/Anish/FMS/FMS_Codebase/FMS/FMS/Components/FMSTextField.swift -primary-file /Users/Anish/FMS/FMS_Codebase/FMS/FMS/Models/Geofence.swift /Users/Anish/FMS/FMS_Codebase/FMS/FMS/Models/Trip.swift -primary-file /Users/Anish/FMS/FMS_Codebase/FMS/FMS/Components/FMSTabBar.swift /Users/Anish/FMS/FMS_Codebase/FMS/FMS/Models/Notification.swift /Users/Anish/FMS/FMS_Codebase/FMS/FMS/Config/SupabaseConfig.swift /Users/Anish/FMS/FMS_Codebase/FMS/FMS/Models/VehicleDocument.swift /Users/Anish/FMS/FMS_Codebase/FMS/FMS/Models/TelemetryData.swift /Users/Anish/FMS/FMS_Codebase/FMS/FMS/Models/VehicleInspection.swift /Users/Anish/FMS/FMS_Codebase/FMS/FMS/Components/FMSRoleCard.swift /Users/Anish/FMS/FMS_Codebase/FMS/FMS/Models/MaintenanceWorkOrder.swift /Users/Anish/FMS/FMS_Codebase/FMS/FMS/Views/MainDashboardView.swift /Users/Anish/FMS/FMS_Codebase/FMS/FMS/Views/RoleSelectionView.swift /Users/Anish/FMS/FMS_Codebase/FMS/FMS/Models/Company.swift /Users/Anish/FMS/FMS_Codebase/FMS/FMS/Components/AlertRow.swift /Users/Anish/FMS/FMS_Codebase/FMS/FMS/Models/DriverVehicleAssignment.swift /Users/Anish/FMS/FMS_Codebase/FMS/FMS/Models/VehicleEvent.swift /Users/Anish/FMS/FMS_Codebase/FMS/FMS/FMSApp.swift /Users/Anish/FMS/FMS_Codebase/FMS/FMS/Models/Vehicle.swift /Users/Anish/FMS/FMS_Codebase/FMS/FMS/Views/FleetManagerLoginView.swift /Users/Anish/FMS/FMS_Codebase/FMS/FMS/Components/VehicleListCard.swift /Users/Anish/FMS/FMS_Codebase/FMS/FMS/Models/User.swift /Users/Anish/FMS/FMS_Codebase/FMS/FMS/ViewModels/AuthViewModel.swift /Users/Anish/FMS/FMS_Codebase/FMS/FMS/Theme/FMSTheme.swift /Users/Anish/FMS/FMS_Codebase/FMS/FMS/Components/FMSPrimaryButton.swift /Users/Anish/Library/Developer/Xcode/DerivedData/FMS-dwfromcokaqshnedexsaxzasxuoc/Build/Intermediates.noindex/FMS.build/Debug-iphonesimulator/FMS.build/DerivedSources/GeneratedAssetSymbols.swift -supplementary-output-file-map /Users/Anish/Library/Developer/Xcode/DerivedData/FMS-dwfromcokaqshnedexsaxzasxuoc/Build/Intermediates.noindex/FMS.build/Debug-iphonesimulator/FMS.build/Objects-normal/arm64/supplementaryOutputs-11 -emit-localized-strings -emit-localized-strings-path /Users/Anish/Library/Developer/Xcode/DerivedData/FMS-dwfromcokaqshnedexsaxzasxuoc/Build/Intermediates.noindex/FMS.build/Debug-iphonesimulator/FMS.build/Objects-normal/arm64 -target arm64-apple-ios26.2-simulator -Xllvm -aarch64-use-tbi -enable-objc-interop -sdk /Applications/Xcode.app/Contents/Developer/Platforms/iPhoneSimulator.platform/Developer/SDKs/iPhoneSimulator18.5.sdk -I /Users/Anish/Library/Developer/Xcode/DerivedData/FMS-dwfromcokaqshnedexsaxzasxuoc/Build/Products/Debug-iphonesimulator -F /Users/Anish/Library/Developer/Xcode/DerivedData/FMS-dwfromcokaqshnedexsaxzasxuoc/Build/Products/Debug-iphonesimulator/PackageFrameworks -F /Users/Anish/Library/Developer/Xcode/DerivedData/FMS-dwfromcokaqshnedexsaxzasxuoc/Build/Products/Debug-iphonesimulator/PackageFrameworks -F /Users/Anish/Library/Developer/Xcode/DerivedData/FMS-dwfromcokaqshnedexsaxzasxuoc/Build/Products/Debug-iphonesimulator/PackageFrameworks -F /Users/Anish/Library/Developer/Xcode/DerivedData/FMS-dwfromcokaqshnedexsaxzasxuoc/Build/Products/Debug-iphonesimulator/PackageFrameworks -F /Users/Anish/Library/Developer/Xcode/DerivedData/FMS-dwfromcokaqshnedexsaxzasxuoc/Build/Products/Debug-iphonesimulator/PackageFrameworks -F /Users/Anish/Library/Developer/Xcode/DerivedData/FMS-dwfromcokaqshnedexsaxzasxuoc/Build/Products/Debug-iphonesimulator/PackageFrameworks -F /Users/Anish/Library/Developer/Xcode/DerivedData/FMS-dwfromcokaqshnedexsaxzasxuoc/Build/Products/Debug-iphonesimulator/PackageFrameworks -F /Users/Anish/Library/Developer/Xcode/DerivedData/FMS-dwfromcokaqshnedexsaxzasxuoc/Build/Products/Debug-iphonesimulator/PackageFrameworks -F /Users/Anish/Library/Developer/Xcode/DerivedData/FMS-dwfromcokaqshnedexsaxzasxuoc/Build/Products/Debug-iphonesimulator/PackageFrameworks -F /Users/Anish/Library/Developer/Xcode/DerivedData/FMS-dwfromcokaqshnedexsaxzasxuoc/Build/Products/Debug-iphonesimulator/PackageFrameworks -F /Users/Anish/Library/Developer/Xcode/DerivedData/FMS-dwfromcokaqshnedexsaxzasxuoc/Build/Products/Debug-iphonesimulator/PackageFrameworks -F /Users/Anish/Library/Developer/Xcode/DerivedData/FMS-dwfromcokaqshnedexsaxzasxuoc/Build/Products/Debug-iphonesimulator/PackageFrameworks -F /Users/Anish/Library/Developer/Xcode/DerivedData/FMS-dwfromcokaqshnedexsaxzasxuoc/Build/Products/Debug-iphonesimulator/PackageFrameworks -F /Users/Anish/Library/Developer/Xcode/DerivedData/FMS-dwfromcokaqshnedexsaxzasxuoc/Build/Products/Debug-iphonesimulator/PackageFrameworks -F /Users/Anish/Library/Developer/Xcode/DerivedData/FMS-dwfromcokaqshnedexsaxzasxuoc/Build/Products/Debug-iphonesimulator -no-color-diagnostics -enable-testing -g -debug-info-format\=dwarf -dwarf-version\=5 -module-cache-path /Users/Anish/Library/Developer/Xcode/DerivedData/ModuleCache.noindex -swift-version 5 -enforce-exclusivity\=checked -Onone -D DEBUG -serialize-debugging-options -const-gather-protocols-file /Users/Anish/Library/Developer/Xcode/DerivedData/FMS-dwfromcokaqshnedexsaxzasxuoc/Build/Intermediates.noindex/FMS.build/Debug-iphonesimulator/FMS.build/Objects-normal/arm64/FMS_const_extract_protocols.json -enable-upcoming-feature MemberImportVisibility -enable-experimental-feature DebugDescriptionMacro -enable-bare-slash-regex -empty-abi-descriptor -validate-clang-modules-once -clang-build-session-file /Users/Anish/Library/Developer/Xcode/DerivedData/ModuleCache.noindex/Session.modulevalidation -Xcc -working-directory -Xcc /Users/Anish/FMS/FMS_Codebase/FMS -resource-dir /Applications/Xcode.app/Contents/Developer/Toolchains/XcodeDefault.xctoolchain/usr/lib/swift -enable-anonymous-context-mangled-names -file-compilation-dir /Users/Anish/FMS/FMS_Codebase/FMS -Xcc -ivfsstatcache -Xcc /Users/Anish/Library/Developer/Xcode/DerivedData/SDKStatCaches.noindex/iphonesimulator18.5-22F76-d5fc8ad4295d2ef488fb7d0f804ce0c4.sdkstatcache -Xcc -I/Users/Anish/Library/Developer/Xcode/DerivedData/FMS-dwfromcokaqshnedexsaxzasxuoc/Build/Intermediates.noindex/FMS.build/Debug-iphonesimulator/FMS.build/swift-overrides.hmap -Xcc -iquote -Xcc /Users/Anish/Library/Developer/Xcode/DerivedData/FMS-dwfromcokaqshnedexsaxzasxuoc/Build/Intermediates.noindex/FMS.build/Debug-iphonesimulator/FMS.build/FMS-generated-files.hmap -Xcc -I/Users/Anish/Library/Developer/Xcode/DerivedData/FMS-dwfromcokaqshnedexsaxzasxuoc/Build/Intermediates.noindex/FMS.build/Debug-iphonesimulator/FMS.build/FMS-own-target-headers.hmap -Xcc -I/Users/Anish/Library/Developer/Xcode/DerivedData/FMS-dwfromcokaqshnedexsaxzasxuoc/Build/Intermediates.noindex/FMS.build/Debug-iphonesimulator/FMS.build/FMS-all-non-framework-target-headers.hmap -Xcc -ivfsoverlay -Xcc /Users/Anish/Library/Developer/Xcode/DerivedData/FMS-dwfromcokaqshnedexsaxzasxuoc/Build/Intermediates.noindex/FMS.build/Debug-iphonesimulator/FMS-09ac764f5f6a6aaea0b26801b5883ea5-VFS-iphonesimulator/all-product-headers.yaml -Xcc -iquote -Xcc /Users/Anish/Library/Developer/Xcode/DerivedData/FMS-dwfromcokaqshnedexsaxzasxuoc/Build/Intermediates.noindex/FMS.build/Debug-iphonesimulator/FMS.build/FMS-project-headers.hmap -Xcc -I/Users/Anish/Library/Developer/Xcode/DerivedData/FMS-dwfromcokaqshnedexsaxzasxuoc/Build/Products/Debug-iphonesimulator/include -Xcc -I/Users/Anish/Library/Developer/Xcode/DerivedData/FMS-dwfromcokaqshnedexsaxzasxuoc/Build/Intermediates.noindex/FMS.build/Debug-iphonesimulator/FMS.build/DerivedSources-normal/arm64 -Xcc -I/Users/Anish/Library/Developer/Xcode/DerivedData/FMS-dwfromcokaqshnedexsaxzasxuoc/Build/Intermediates.noindex/FMS.build/Debug-iphonesimulator/FMS.build/DerivedSources/arm64 -Xcc -I/Users/Anish/Library/Developer/Xcode/DerivedData/FMS-dwfromcokaqshnedexsaxzasxuoc/Build/Intermediates.noindex/FMS.build/Debug-iphonesimulator/FMS.build/DerivedSources -Xcc -DDEBUG\=1 -module-name FMS -frontend-parseable-output -disable-clang-spi -target-sdk-version 18.5 -target-sdk-name iphonesimulator18.5 -external-plugin-path /Applications/Xcode.app/Contents/Developer/Platforms/iPhoneOS.platform/Developer/usr/lib/swift/host/plugins\#/Applications/Xcode.app/Contents/Developer/Platforms/iPhoneOS.platform/Developer/usr/bin/swift-plugin-server -external-plugin-path /Applications/Xcode.app/Contents/Developer/Platforms/iPhoneOS.platform/Developer/usr/local/lib/swift/host/plugins\#/Applications/Xcode.app/Contents/Developer/Platforms/iPhoneOS.platform/Developer/usr/bin/swift-plugin-server -in-process-plugin-server-path /Applications/Xcode.app/Contents/Developer/Toolchains/XcodeDefault.xctoolchain/usr/lib/swift/host/libSwiftInProcPluginServer.dylib -plugin-path /Applications/Xcode.app/Contents/Developer/Toolchains/XcodeDefault.xctoolchain/usr/lib/swift/host/plugins -plugin-path /Applications/Xcode.app/Contents/Developer/Toolchains/XcodeDefault.xctoolchain/usr/local/lib/swift/host/plugins -o /Users/Anish/Library/Developer/Xcode/DerivedData/FMS-dwfromcokaqshnedexsaxzasxuoc/Build/Intermediates.noindex/FMS.build/Debug-iphonesimulator/FMS.build/Objects-normal/arm64/FMSTextField.o -o /Users/Anish/Library/Developer/Xcode/DerivedData/FMS-dwfromcokaqshnedexsaxzasxuoc/Build/Intermediates.noindex/FMS.build/Debug-iphonesimulator/FMS.build/Objects-normal/arm64/Geofence.o -o /Users/Anish/Library/Developer/Xcode/DerivedData/FMS-dwfromcokaqshnedexsaxzasxuoc/Build/Intermediates.noindex/FMS.build/Debug-iphonesimulator/FMS.build/Objects-normal/arm64/FMSTabBar.o -index-unit-output-path /FMS.build/Debug-iphonesimulator/FMS.build/Objects-normal/arm64/FMSTextField.o -index-unit-output-path /FMS.build/Debug-iphonesimulator/FMS.build/Objects-normal/arm64/Geofence.o -index-unit-output-path /FMS.build/Debug-iphonesimulator/FMS.build/Objects-normal/arm64/FMSTabBar.o -index-store-path /Users/Anish/Library/Developer/Xcode/DerivedData/FMS-dwfromcokaqshnedexsaxzasxuoc/Index.noindex/DataStore -index-system-modules

SwiftCompile normal arm64 /Users/Anish/FMS/FMS_Codebase/FMS/FMS/Components/FMSTextField.swift (in target 'FMS' from project 'FMS')
    cd /Users/Anish/FMS/FMS_Codebase/FMS
    
Command SwiftCompile failed with a nonzero exit code

SwiftCompile normal arm64 /Users/Anish/FMS/FMS_Codebase/FMS/FMS/Models/Geofence.swift (in target 'FMS' from project 'FMS')
    cd /Users/Anish/FMS/FMS_Codebase/FMS
    
Command SwiftCompile failed with a nonzero exit code

SwiftCompile normal arm64 /Users/Anish/FMS/FMS_Codebase/FMS/FMS/Components/FMSTabBar.swift (in target 'FMS' from project 'FMS')
    cd /Users/Anish/FMS/FMS_Codebase/FMS
    
Command SwiftCompile failed with a nonzero exit code

SwiftDriverJobDiscovery normal arm64 Compiling TelemetryData.swift, FMSRoleCard.swift, MaintenanceWorkOrder.swift (in target 'FMS' from project 'FMS')

SwiftCompile normal arm64 Compiling\ VehicleEvent.swift,\ FMSApp.swift,\ Vehicle.swift /Users/Anish/FMS/FMS_Codebase/FMS/FMS/Models/VehicleEvent.swift /Users/Anish/FMS/FMS_Codebase/FMS/FMS/FMSApp.swift /Users/Anish/FMS/FMS_Codebase/FMS/FMS/Models/Vehicle.swift (in target 'FMS' from project 'FMS')

SwiftCompile normal arm64 /Users/Anish/FMS/FMS_Codebase/FMS/FMS/Models/VehicleEvent.swift (in target 'FMS' from project 'FMS')
    cd /Users/Anish/FMS/FMS_Codebase/FMS
    

SwiftCompile normal arm64 /Users/Anish/FMS/FMS_Codebase/FMS/FMS/FMSApp.swift (in target 'FMS' from project 'FMS')
    cd /Users/Anish/FMS/FMS_Codebase/FMS
    

SwiftCompile normal arm64 /Users/Anish/FMS/FMS_Codebase/FMS/FMS/Models/Vehicle.swift (in target 'FMS' from project 'FMS')
    cd /Users/Anish/FMS/FMS_Codebase/FMS
    

SwiftDriverJobDiscovery normal arm64 Compiling AuthClient.swift (in target 'Auth' from project 'Supabase')

SwiftCompile normal arm64 Compiling\ Dependencies.swift /Users/Anish/Library/Developer/Xcode/DerivedData/FMS-dwfromcokaqshnedexsaxzasxuoc/SourcePackages/checkouts/supabase-swift/Sources/Auth/Internal/Dependencies.swift (in target 'Auth' from project 'Supabase')

SwiftCompile normal arm64 /Users/Anish/Library/Developer/Xcode/DerivedData/FMS-dwfromcokaqshnedexsaxzasxuoc/SourcePackages/checkouts/supabase-swift/Sources/Auth/Internal/Dependencies.swift (in target 'Auth' from project 'Supabase')
    cd /Users/Anish/FMS/FMS_Codebase/FMS/FMS.xcodeproj
    

SwiftDriverJobDiscovery normal arm64 Compiling PartsInventory.swift, LiveVehicleDashboardView.swift, Driver.swift (in target 'FMS' from project 'FMS')

SwiftCompile normal arm64 Compiling\ SessionManager.swift /Users/Anish/Library/Developer/Xcode/DerivedData/FMS-dwfromcokaqshnedexsaxzasxuoc/SourcePackages/checkouts/supabase-swift/Sources/Auth/Internal/SessionManager.swift (in target 'Auth' from project 'Supabase')

SwiftCompile normal arm64 /Users/Anish/Library/Developer/Xcode/DerivedData/FMS-dwfromcokaqshnedexsaxzasxuoc/SourcePackages/checkouts/supabase-swift/Sources/Auth/Internal/SessionManager.swift (in target 'Auth' from project 'Supabase')
    cd /Users/Anish/FMS/FMS_Codebase/FMS/FMS.xcodeproj
    

SwiftDriverJobDiscovery normal arm64 Compiling SupabaseService.swift, QuickActionCard.swift, LiveTripCard.swift (in target 'FMS' from project 'FMS')

SwiftCompile normal arm64 Compiling\ LiveVehicleViewModel.swift /Users/Anish/FMS/FMS_Codebase/FMS/FMS/ViewModels/LiveVehicleViewModel.swift (in target 'FMS' from project 'FMS')

SwiftCompile normal arm64 /Users/Anish/FMS/FMS_Codebase/FMS/FMS/ViewModels/LiveVehicleViewModel.swift (in target 'FMS' from project 'FMS')
    cd /Users/Anish/FMS/FMS_Codebase/FMS
    

SwiftDriverJobDiscovery normal arm64 Compiling ContentView.swift, FleetManagerDashboardView.swift, Incident.swift (in target 'FMS' from project 'FMS')

SwiftCompile normal arm64 Compiling\ SessionStorage.swift /Users/Anish/Library/Developer/Xcode/DerivedData/FMS-dwfromcokaqshnedexsaxzasxuoc/SourcePackages/checkouts/supabase-swift/Sources/Auth/Internal/SessionStorage.swift (in target 'Auth' from project 'Supabase')

SwiftCompile normal arm64 /Users/Anish/Library/Developer/Xcode/DerivedData/FMS-dwfromcokaqshnedexsaxzasxuoc/SourcePackages/checkouts/supabase-swift/Sources/Auth/Internal/SessionStorage.swift (in target 'Auth' from project 'Supabase')
    cd /Users/Anish/FMS/FMS_Codebase/FMS/FMS.xcodeproj
    

SwiftDriverJobDiscovery normal arm64 Emitting module for FMS (in target 'FMS' from project 'FMS')

SwiftDriver\ Compilation\ Requirements FMS normal arm64 com.apple.xcode.tools.swift.compiler (in target 'FMS' from project 'FMS')
    cd /Users/Anish/FMS/FMS_Codebase/FMS
    builtin-Swift-Compilation-Requirements -- /Applications/Xcode.app/Contents/Developer/Toolchains/XcodeDefault.xctoolchain/usr/bin/swiftc -module-name FMS -Onone -enforce-exclusivity\=checked @/Users/Anish/Library/Developer/Xcode/DerivedData/FMS-dwfromcokaqshnedexsaxzasxuoc/Build/Intermediates.noindex/FMS.build/Debug-iphonesimulator/FMS.build/Objects-normal/arm64/FMS.SwiftFileList -DDEBUG -enable-bare-slash-regex -enable-upcoming-feature MemberImportVisibility -enable-experimental-feature DebugDescriptionMacro -sdk /Applications/Xcode.app/Contents/Developer/Platforms/iPhoneSimulator.platform/Developer/SDKs/iPhoneSimulator18.5.sdk -target arm64-apple-ios26.2-simulator -g -module-cache-path /Users/Anish/Library/Developer/Xcode/DerivedData/ModuleCache.noindex -Xfrontend -serialize-debugging-options -enable-testing -index-store-path /Users/Anish/Library/Developer/Xcode/DerivedData/FMS-dwfromcokaqshnedexsaxzasxuoc/Index.noindex/DataStore -swift-version 5 -I /Users/Anish/Library/Developer/Xcode/DerivedData/FMS-dwfromcokaqshnedexsaxzasxuoc/Build/Products/Debug-iphonesimulator -F /Users/Anish/Library/Developer/Xcode/DerivedData/FMS-dwfromcokaqshnedexsaxzasxuoc/Build/Products/Debug-iphonesimulator/PackageFrameworks -F /Users/Anish/Library/Developer/Xcode/DerivedData/FMS-dwfromcokaqshnedexsaxzasxuoc/Build/Products/Debug-iphonesimulator/PackageFrameworks -F /Users/Anish/Library/Developer/Xcode/DerivedData/FMS-dwfromcokaqshnedexsaxzasxuoc/Build/Products/Debug-iphonesimulator/PackageFrameworks -F /Users/Anish/Library/Developer/Xcode/DerivedData/FMS-dwfromcokaqshnedexsaxzasxuoc/Build/Products/Debug-iphonesimulator/PackageFrameworks -F /Users/Anish/Library/Developer/Xcode/DerivedData/FMS-dwfromcokaqshnedexsaxzasxuoc/Build/Products/Debug-iphonesimulator/PackageFrameworks -F /Users/Anish/Library/Developer/Xcode/DerivedData/FMS-dwfromcokaqshnedexsaxzasxuoc/Build/Products/Debug-iphonesimulator/PackageFrameworks -F /Users/Anish/Library/Developer/Xcode/DerivedData/FMS-dwfromcokaqshnedexsaxzasxuoc/Build/Products/Debug-iphonesimulator/PackageFrameworks -F /Users/Anish/Library/Developer/Xcode/DerivedData/FMS-dwfromcokaqshnedexsaxzasxuoc/Build/Products/Debug-iphonesimulator/PackageFrameworks -F /Users/Anish/Library/Developer/Xcode/DerivedData/FMS-dwfromcokaqshnedexsaxzasxuoc/Build/Products/Debug-iphonesimulator/PackageFrameworks -F /Users/Anish/Library/Developer/Xcode/DerivedData/FMS-dwfromcokaqshnedexsaxzasxuoc/Build/Products/Debug-iphonesimulator/PackageFrameworks -F /Users/Anish/Library/Developer/Xcode/DerivedData/FMS-dwfromcokaqshnedexsaxzasxuoc/Build/Products/Debug-iphonesimulator/PackageFrameworks -F /Users/Anish/Library/Developer/Xcode/DerivedData/FMS-dwfromcokaqshnedexsaxzasxuoc/Build/Products/Debug-iphonesimulator/PackageFrameworks -F /Users/Anish/Library/Developer/Xcode/DerivedData/FMS-dwfromcokaqshnedexsaxzasxuoc/Build/Products/Debug-iphonesimulator/PackageFrameworks -F /Users/Anish/Library/Developer/Xcode/DerivedData/FMS-dwfromcokaqshnedexsaxzasxuoc/Build/Products/Debug-iphonesimulator/PackageFrameworks -F /Users/Anish/Library/Developer/Xcode/DerivedData/FMS-dwfromcokaqshnedexsaxzasxuoc/Build/Products/Debug-iphonesimulator -emit-localized-strings -emit-localized-strings-path /Users/Anish/Library/Developer/Xcode/DerivedData/FMS-dwfromcokaqshnedexsaxzasxuoc/Build/Intermediates.noindex/FMS.build/Debug-iphonesimulator/FMS.build/Objects-normal/arm64 -c -j11 -enable-batch-mode -incremental -Xcc -ivfsstatcache -Xcc /Users/Anish/Library/Developer/Xcode/DerivedData/SDKStatCaches.noindex/iphonesimulator18.5-22F76-d5fc8ad4295d2ef488fb7d0f804ce0c4.sdkstatcache -output-file-map /Users/Anish/Library/Developer/Xcode/DerivedData/FMS-dwfromcokaqshnedexsaxzasxuoc/Build/Intermediates.noindex/FMS.build/Debug-iphonesimulator/FMS.build/Objects-normal/arm64/FMS-OutputFileMap.json -use-frontend-parseable-output -save-temps -no-color-diagnostics -serialize-diagnostics -emit-dependencies -emit-module -emit-module-path /Users/Anish/Library/Developer/Xcode/DerivedData/FMS-dwfromcokaqshnedexsaxzasxuoc/Build/Intermediates.noindex/FMS.build/Debug-iphonesimulator/FMS.build/Objects-normal/arm64/FMS.swiftmodule -validate-clang-modules-once -clang-build-session-file /Users/Anish/Library/Developer/Xcode/DerivedData/ModuleCache.noindex/Session.modulevalidation -Xcc -I/Users/Anish/Library/Developer/Xcode/DerivedData/FMS-dwfromcokaqshnedexsaxzasxuoc/Build/Intermediates.noindex/FMS.build/Debug-iphonesimulator/FMS.build/swift-overrides.hmap -emit-const-values -Xfrontend -const-gather-protocols-file -Xfrontend /Users/Anish/Library/Developer/Xcode/DerivedData/FMS-dwfromcokaqshnedexsaxzasxuoc/Build/Intermediates.noindex/FMS.build/Debug-iphonesimulator/FMS.build/Objects-normal/arm64/FMS_const_extract_protocols.json -Xcc -iquote -Xcc /Users/Anish/Library/Developer/Xcode/DerivedData/FMS-dwfromcokaqshnedexsaxzasxuoc/Build/Intermediates.noindex/FMS.build/Debug-iphonesimulator/FMS.build/FMS-generated-files.hmap -Xcc -I/Users/Anish/Library/Developer/Xcode/DerivedData/FMS-dwfromcokaqshnedexsaxzasxuoc/Build/Intermediates.noindex/FMS.build/Debug-iphonesimulator/FMS.build/FMS-own-target-headers.hmap -Xcc -I/Users/Anish/Library/Developer/Xcode/DerivedData/FMS-dwfromcokaqshnedexsaxzasxuoc/Build/Intermediates.noindex/FMS.build/Debug-iphonesimulator/FMS.build/FMS-all-non-framework-target-headers.hmap -Xcc -ivfsoverlay -Xcc /Users/Anish/Library/Developer/Xcode/DerivedData/FMS-dwfromcokaqshnedexsaxzasxuoc/Build/Intermediates.noindex/FMS.build/Debug-iphonesimulator/FMS-09ac764f5f6a6aaea0b26801b5883ea5-VFS-iphonesimulator/all-product-headers.yaml -Xcc -iquote -Xcc /Users/Anish/Library/Developer/Xcode/DerivedData/FMS-dwfromcokaqshnedexsaxzasxuoc/Build/Intermediates.noindex/FMS.build/Debug-iphonesimulator/FMS.build/FMS-project-headers.hmap -Xcc -I/Users/Anish/Library/Developer/Xcode/DerivedData/FMS-dwfromcokaqshnedexsaxzasxuoc/Build/Products/Debug-iphonesimulator/include -Xcc -I/Users/Anish/Library/Developer/Xcode/DerivedData/FMS-dwfromcokaqshnedexsaxzasxuoc/Build/Intermediates.noindex/FMS.build/Debug-iphonesimulator/FMS.build/DerivedSources-normal/arm64 -Xcc -I/Users/Anish/Library/Developer/Xcode/DerivedData/FMS-dwfromcokaqshnedexsaxzasxuoc/Build/Intermediates.noindex/FMS.build/Debug-iphonesimulator/FMS.build/DerivedSources/arm64 -Xcc -I/Users/Anish/Library/Developer/Xcode/DerivedData/FMS-dwfromcokaqshnedexsaxzasxuoc/Build/Intermediates.noindex/FMS.build/Debug-iphonesimulator/FMS.build/DerivedSources -Xcc -DDEBUG\=1 -emit-objc-header -emit-objc-header-path /Users/Anish/Library/Developer/Xcode/DerivedData/FMS-dwfromcokaqshnedexsaxzasxuoc/Build/Intermediates.noindex/FMS.build/Debug-iphonesimulator/FMS.build/Objects-normal/arm64/FMS-Swift.h -working-directory /Users/Anish/FMS/FMS_Codebase/FMS -experimental-emit-module-separately -disable-cmo

SwiftDriverJobDiscovery normal arm64 Compiling MainDashboardView.swift (in target 'FMS' from project 'FMS')

SwiftCompile normal arm64 Compiling\ Defaults.swift /Users/Anish/Library/Developer/Xcode/DerivedData/FMS-dwfromcokaqshnedexsaxzasxuoc/SourcePackages/checkouts/supabase-swift/Sources/Auth/Defaults.swift (in target 'Auth' from project 'Supabase')

SwiftCompile normal arm64 /Users/Anish/Library/Developer/Xcode/DerivedData/FMS-dwfromcokaqshnedexsaxzasxuoc/SourcePackages/checkouts/supabase-swift/Sources/Auth/Defaults.swift (in target 'Auth' from project 'Supabase')
    cd /Users/Anish/FMS/FMS_Codebase/FMS/FMS.xcodeproj
    

Copy /Users/Anish/Library/Developer/Xcode/DerivedData/FMS-dwfromcokaqshnedexsaxzasxuoc/Build/Products/Debug-iphonesimulator/FMS.swiftmodule/arm64-apple-ios-simulator.swiftmodule /Users/Anish/Library/Developer/Xcode/DerivedData/FMS-dwfromcokaqshnedexsaxzasxuoc/Build/Intermediates.noindex/FMS.build/Debug-iphonesimulator/FMS.build/Objects-normal/arm64/FMS.swiftmodule (in target 'FMS' from project 'FMS')
    cd /Users/Anish/FMS/FMS_Codebase/FMS
    builtin-copy -exclude .DS_Store -exclude CVS -exclude .svn -exclude .git -exclude .hg -resolve-src-symlinks -rename /Users/Anish/Library/Developer/Xcode/DerivedData/FMS-dwfromcokaqshnedexsaxzasxuoc/Build/Intermediates.noindex/FMS.build/Debug-iphonesimulator/FMS.build/Objects-normal/arm64/FMS.swiftmodule /Users/Anish/Library/Developer/Xcode/DerivedData/FMS-dwfromcokaqshnedexsaxzasxuoc/Build/Products/Debug-iphonesimulator/FMS.swiftmodule/arm64-apple-ios-simulator.swiftmodule

SwiftDriverJobDiscovery normal arm64 Compiling Dependencies.swift (in target 'Auth' from project 'Supabase')

Copy /Users/Anish/Library/Developer/Xcode/DerivedData/FMS-dwfromcokaqshnedexsaxzasxuoc/Build/Products/Debug-iphonesimulator/FMS.swiftmodule/arm64-apple-ios-simulator.swiftdoc /Users/Anish/Library/Developer/Xcode/DerivedData/FMS-dwfromcokaqshnedexsaxzasxuoc/Build/Intermediates.noindex/FMS.build/Debug-iphonesimulator/FMS.build/Objects-normal/arm64/FMS.swiftdoc (in target 'FMS' from project 'FMS')
    cd /Users/Anish/FMS/FMS_Codebase/FMS
    builtin-copy -exclude .DS_Store -exclude CVS -exclude .svn -exclude .git -exclude .hg -resolve-src-symlinks -rename /Users/Anish/Library/Developer/Xcode/DerivedData/FMS-dwfromcokaqshnedexsaxzasxuoc/Build/Intermediates.noindex/FMS.build/Debug-iphonesimulator/FMS.build/Objects-normal/arm64/FMS.swiftdoc /Users/Anish/Library/Developer/Xcode/DerivedData/FMS-dwfromcokaqshnedexsaxzasxuoc/Build/Products/Debug-iphonesimulator/FMS.swiftmodule/arm64-apple-ios-simulator.swiftdoc

Copy /Users/Anish/Library/Developer/Xcode/DerivedData/FMS-dwfromcokaqshnedexsaxzasxuoc/Build/Products/Debug-iphonesimulator/FMS.swiftmodule/arm64-apple-ios-simulator.abi.json /Users/Anish/Library/Developer/Xcode/DerivedData/FMS-dwfromcokaqshnedexsaxzasxuoc/Build/Intermediates.noindex/FMS.build/Debug-iphonesimulator/FMS.build/Objects-normal/arm64/FMS.abi.json (in target 'FMS' from project 'FMS')
    cd /Users/Anish/FMS/FMS_Codebase/FMS
    builtin-copy -exclude .DS_Store -exclude CVS -exclude .svn -exclude .git -exclude .hg -resolve-src-symlinks -rename /Users/Anish/Library/Developer/Xcode/DerivedData/FMS-dwfromcokaqshnedexsaxzasxuoc/Build/Intermediates.noindex/FMS.build/Debug-iphonesimulator/FMS.build/Objects-normal/arm64/FMS.abi.json /Users/Anish/Library/Developer/Xcode/DerivedData/FMS-dwfromcokaqshnedexsaxzasxuoc/Build/Products/Debug-iphonesimulator/FMS.swiftmodule/arm64-apple-ios-simulator.abi.json

Copy /Users/Anish/Library/Developer/Xcode/DerivedData/FMS-dwfromcokaqshnedexsaxzasxuoc/Build/Products/Debug-iphonesimulator/FMS.swiftmodule/Project/arm64-apple-ios-simulator.swiftsourceinfo /Users/Anish/Library/Developer/Xcode/DerivedData/FMS-dwfromcokaqshnedexsaxzasxuoc/Build/Intermediates.noindex/FMS.build/Debug-iphonesimulator/FMS.build/Objects-normal/arm64/FMS.swiftsourceinfo (in target 'FMS' from project 'FMS')
    cd /Users/Anish/FMS/FMS_Codebase/FMS
    builtin-copy -exclude .DS_Store -exclude CVS -exclude .svn -exclude .git -exclude .hg -resolve-src-symlinks -rename /Users/Anish/Library/Developer/Xcode/DerivedData/FMS-dwfromcokaqshnedexsaxzasxuoc/Build/Intermediates.noindex/FMS.build/Debug-iphonesimulator/FMS.build/Objects-normal/arm64/FMS.swiftsourceinfo /Users/Anish/Library/Developer/Xcode/DerivedData/FMS-dwfromcokaqshnedexsaxzasxuoc/Build/Products/Debug-iphonesimulator/FMS.swiftmodule/Project/arm64-apple-ios-simulator.swiftsourceinfo

SwiftCompile normal arm64 Compiling\ AuthLocalStorage.swift /Users/Anish/Library/Developer/Xcode/DerivedData/FMS-dwfromcokaqshnedexsaxzasxuoc/SourcePackages/checkouts/supabase-swift/Sources/Auth/Storage/AuthLocalStorage.swift (in target 'Auth' from project 'Supabase')

SwiftCompile normal arm64 /Users/Anish/Library/Developer/Xcode/DerivedData/FMS-dwfromcokaqshnedexsaxzasxuoc/SourcePackages/checkouts/supabase-swift/Sources/Auth/Storage/AuthLocalStorage.swift (in target 'Auth' from project 'Supabase')
    cd /Users/Anish/FMS/FMS_Codebase/FMS/FMS.xcodeproj
    

SwiftCompile normal arm64 Compiling\ EventEmitter.swift /Users/Anish/Library/Developer/Xcode/DerivedData/FMS-dwfromcokaqshnedexsaxzasxuoc/SourcePackages/checkouts/supabase-swift/Sources/Auth/Internal/EventEmitter.swift (in target 'Auth' from project 'Supabase')

SwiftCompile normal arm64 /Users/Anish/Library/Developer/Xcode/DerivedData/FMS-dwfromcokaqshnedexsaxzasxuoc/SourcePackages/checkouts/supabase-swift/Sources/Auth/Internal/EventEmitter.swift (in target 'Auth' from project 'Supabase')
    cd /Users/Anish/FMS/FMS_Codebase/FMS/FMS.xcodeproj
    

SwiftDriverJobDiscovery normal arm64 Compiling RoleSelectionView.swift, AlertRow.swift, DriverVehicleAssignment.swift (in target 'FMS' from project 'FMS')

SwiftCompile normal arm64 Compiling\ AuthMFA.swift /Users/Anish/Library/Developer/Xcode/DerivedData/FMS-dwfromcokaqshnedexsaxzasxuoc/SourcePackages/checkouts/supabase-swift/Sources/Auth/AuthMFA.swift (in target 'Auth' from project 'Supabase')

SwiftCompile normal arm64 /Users/Anish/Library/Developer/Xcode/DerivedData/FMS-dwfromcokaqshnedexsaxzasxuoc/SourcePackages/checkouts/supabase-swift/Sources/Auth/AuthMFA.swift (in target 'Auth' from project 'Supabase')
    cd /Users/Anish/FMS/FMS_Codebase/FMS/FMS.xcodeproj
    

SwiftDriverJobDiscovery normal arm64 Compiling Defaults.swift (in target 'Auth' from project 'Supabase')

SwiftCompile normal arm64 Compiling\ AuthAdmin.swift /Users/Anish/Library/Developer/Xcode/DerivedData/FMS-dwfromcokaqshnedexsaxzasxuoc/SourcePackages/checkouts/supabase-swift/Sources/Auth/AuthAdmin.swift (in target 'Auth' from project 'Supabase')

SwiftCompile normal arm64 /Users/Anish/Library/Developer/Xcode/DerivedData/FMS-dwfromcokaqshnedexsaxzasxuoc/SourcePackages/checkouts/supabase-swift/Sources/Auth/AuthAdmin.swift (in target 'Auth' from project 'Supabase')
    cd /Users/Anish/FMS/FMS_Codebase/FMS/FMS.xcodeproj
    

SwiftDriverJobDiscovery normal arm64 Compiling FleetStatusCard.swift (in target 'FMS' from project 'FMS')

SwiftCompile normal arm64 Compiling\ AuthError.swift /Users/Anish/Library/Developer/Xcode/DerivedData/FMS-dwfromcokaqshnedexsaxzasxuoc/SourcePackages/checkouts/supabase-swift/Sources/Auth/AuthError.swift (in target 'Auth' from project 'Supabase')

SwiftCompile normal arm64 /Users/Anish/Library/Developer/Xcode/DerivedData/FMS-dwfromcokaqshnedexsaxzasxuoc/SourcePackages/checkouts/supabase-swift/Sources/Auth/AuthError.swift (in target 'Auth' from project 'Supabase')
    cd /Users/Anish/FMS/FMS_Codebase/FMS/FMS.xcodeproj
    

SwiftDriverJobDiscovery normal arm64 Compiling AuthLocalStorage.swift (in target 'Auth' from project 'Supabase')

SwiftCompile normal arm64 Compiling\ AuthAdminOAuth.swift /Users/Anish/Library/Developer/Xcode/DerivedData/FMS-dwfromcokaqshnedexsaxzasxuoc/SourcePackages/checkouts/supabase-swift/Sources/Auth/AuthAdminOAuth.swift (in target 'Auth' from project 'Supabase')

SwiftCompile normal arm64 /Users/Anish/Library/Developer/Xcode/DerivedData/FMS-dwfromcokaqshnedexsaxzasxuoc/SourcePackages/checkouts/supabase-swift/Sources/Auth/AuthAdminOAuth.swift (in target 'Auth' from project 'Supabase')
    cd /Users/Anish/FMS/FMS_Codebase/FMS/FMS.xcodeproj
    

SwiftDriverJobDiscovery normal arm64 Compiling SessionManager.swift (in target 'Auth' from project 'Supabase')

SwiftCompile normal arm64 Compiling\ CodeVerifierStorage.swift /Users/Anish/Library/Developer/Xcode/DerivedData/FMS-dwfromcokaqshnedexsaxzasxuoc/SourcePackages/checkouts/supabase-swift/Sources/Auth/Internal/CodeVerifierStorage.swift (in target 'Auth' from project 'Supabase')

SwiftCompile normal arm64 /Users/Anish/Library/Developer/Xcode/DerivedData/FMS-dwfromcokaqshnedexsaxzasxuoc/SourcePackages/checkouts/supabase-swift/Sources/Auth/Internal/CodeVerifierStorage.swift (in target 'Auth' from project 'Supabase')
    cd /Users/Anish/FMS/FMS_Codebase/FMS/FMS.xcodeproj
    

SwiftDriverJobDiscovery normal arm64 Compiling SessionStorage.swift (in target 'Auth' from project 'Supabase')

SwiftDriverJobDiscovery normal arm64 Compiling LiveVehicleViewModel.swift (in target 'FMS' from project 'FMS')

SwiftDriverJobDiscovery normal arm64 Compiling EventEmitter.swift (in target 'Auth' from project 'Supabase')

SwiftDriverJobDiscovery normal arm64 Compiling VehicleEvent.swift, FMSApp.swift, Vehicle.swift (in target 'FMS' from project 'FMS')

SwiftDriverJobDiscovery normal arm64 Compiling FleetManagerLoginView.swift, VehicleListCard.swift, User.swift (in target 'FMS' from project 'FMS')

SwiftDriverJobDiscovery normal arm64 Compiling CodeVerifierStorage.swift (in target 'Auth' from project 'Supabase')

SwiftDriverJobDiscovery normal arm64 Compiling AuthMFA.swift (in target 'Auth' from project 'Supabase')

/Users/Anish/FMS/FMS_Codebase/FMS/FMS.xcodeproj: warning: The iOS Simulator deployment target 'IPHONEOS_DEPLOYMENT_TARGET' is set to 26.2, but the range of supported deployment target versions is 12.0 to 18.5.99. (in target 'FMS' from project 'FMS')
** BUILD FAILED **


The following build commands failed:
	SwiftCompile normal arm64 Compiling\ FMSTextField.swift,\ Geofence.swift,\ FMSTabBar.swift /Users/Anish/FMS/FMS_Codebase/FMS/FMS/Components/FMSTextField.swift /Users/Anish/FMS/FMS_Codebase/FMS/FMS/Models/Geofence.swift /Users/Anish/FMS/FMS_Codebase/FMS/FMS/Components/FMSTabBar.swift (in target 'FMS' from project 'FMS')
	SwiftCompile normal arm64 /Users/Anish/FMS/FMS_Codebase/FMS/FMS/Components/FMSTextField.swift (in target 'FMS' from project 'FMS')
	SwiftCompile normal arm64 /Users/Anish/FMS/FMS_Codebase/FMS/FMS/Models/Geofence.swift (in target 'FMS' from project 'FMS')
	SwiftCompile normal arm64 /Users/Anish/FMS/FMS_Codebase/FMS/FMS/Components/FMSTabBar.swift (in target 'FMS' from project 'FMS')
	Building project FMS with scheme FMS and configuration Debug
(5 failures)
